2026-08-28T09:30:45.455126Z  INFO tailwindcss_oxide::scanner: Provided sources:
2026-08-28T09:30:45.455205Z  INFO tailwindcss_oxide::scanner: Source: PublicSourceEntry { base: "C:/Users/Admin/Documents/astd-value-list", pattern: "**/*", negated: false }
2026-08-28T09:30:45.458244Z  INFO tailwindcss_oxide::scanner: Optimized sources:
2026-08-28T09:30:45.458301Z  INFO tailwindcss_oxide::scanner: Source: Auto { base: "C:\\Users\\Admin\\Documents\\astd-value-list" }
2026-08-28T09:30:47.302148Z  INFO tailwindcss_oxide::scanner: Provided sources:
2026-08-28T09:30:47.302182Z  INFO tailwindcss_oxide::scanner: Source: PublicSourceEntry { base: "C:/Users/Admin/Documents/astd-value-list", pattern: "**/*", negated: false }
2026-08-28T09:30:47.302543Z  INFO tailwindcss_oxide::scanner: Optimized sources:
2026-08-28T09:30:47.302553Z  INFO tailwindcss_oxide::scanner: Source: Auto { base: "C:\\Users\\Admin\\Documents\\astd-value-list" }
2026-08-28T09:30:49.122434Z  INFO tailwindcss_oxide::scanner: Provided sources:
2026-08-28T09:30:49.122454Z  INFO tailwindcss_oxide::scanner: Source: PublicSourceEntry { base: "C:/Users/Admin/Documents/astd-value-list", pattern: "**/*", negated: false }
2026-08-28T09:30:49.124835Z  INFO tailwindcss_oxide::scanner: Optimized sources:
2026-08-28T09:30:49.124856Z  INFO tailwindcss_oxide::scanner: Source: Auto { base: "C:\\Users\\Admin\\Documents\\astd-value-list" }
2026-08-28T09:30:49.210359Z  INFO tailwindcss_oxide::scanner: Provided sources:
2026-08-28T09:30:49.210376Z  INFO tailwindcss_oxide::scanner: Source: PublicSourceEntry { base: "C:\\Users\\Admin\\Documents\\astd-value-list\\src\\styles", pattern: "../**/*.{js,ts,jsx,tsx}", negated: false }
2026-08-28T09:30:49.211174Z  INFO tailwindcss_oxide::scanner: Optimized sources:
2026-08-28T09:30:49.211187Z  INFO tailwindcss_oxide::scanner: Source: Pattern { base: "C:\\Users\\Admin\\Documents\\astd-value-list\\src", pattern: "**/*.js" }
2026-08-28T09:30:49.211198Z  INFO tailwindcss_oxide::scanner: Source: Pattern { base: "C:\\Users\\Admin\\Documents\\astd-value-list\\src", pattern: "**/*.ts" }
2026-08-28T09:30:49.211202Z  INFO tailwindcss_oxide::scanner: Source: Pattern { base: "C:\\Users\\Admin\\Documents\\astd-value-list\\src", pattern: "**/*.jsx" }
2026-08-28T09:30:49.211206Z  INFO tailwindcss_oxide::scanner: Source: Pattern { base: "C:\\Users\\Admin\\Documents\\astd-value-list\\src", pattern: "**/*.tsx" }
2026-08-28T09:30:49.296908Z  INFO scan_sources: tailwindcss_oxide::scanner: enter
2026-08-28T09:30:49.298405Z  INFO scan_sources: tailwindcss_oxide::scanner: Discovering "C:\\Users\\Admin\\Documents\\astd-value-list\\src\\app"
2026-08-28T09:30:49.298663Z  INFO scan_sources: tailwindcss_oxide::scanner: Discovering "C:\\Users\\Admin\\Documents\\astd-value-list\\src\\app\\App.tsx"
2026-08-28T09:30:49.298850Z  INFO scan_sources: tailwindcss_oxide::scanner: Discovering "C:\\Users\\Admin\\Documents\\astd-value-list\\src\\app\\components"
2026-08-28T09:30:49.299079Z  INFO scan_sources: tailwindcss_oxide::scanner: Discovering "C:\\Users\\Admin\\Documents\\astd-value-list\\src\\app\\components\\ExtraNoticesChannel.tsx"
2026-08-28T09:30:49.299249Z  INFO scan_sources: tailwindcss_oxide::scanner: Discovering "C:\\Users\\Admin\\Documents\\astd-value-list\\src\\app\\components\\figma"
2026-08-28T09:30:49.299451Z  INFO scan_sources: tailwindcss_oxide::scanner: Discovering "C:\\Users\\Admin\\Documents\\astd-value-list\\src\\app\\components\\figma\\ImageWithFallback.tsx"
2026-08-28T09:30:49.299592Z  INFO scan_sources: tailwindcss_oxide::scanner: Discovering "C:\\Users\\Admin\\Documents\\astd-value-list\\src\\app\\components\\HomeChannel.tsx"
2026-08-28T09:30:49.304577Z  INFO scan_sources: tailwindcss_oxide::scanner: Discovering "C:\\Users\\Admin\\Documents\\astd-value-list\\src\\app\\components\\MainCanvas"
2026-08-28T09:30:49.305559Z  INFO scan_sources: tailwindcss_oxide::scanner: Discovering "C:\\Users\\Admin\\Documents\\astd-value-list\\src\\app\\components\\MainCanvas\\CustomDropdown.tsx"
2026-08-28T09:30:49.305773Z  INFO scan_sources: tailwindcss_oxide::scanner: Discovering "C:\\Users\\Admin\\Documents\\astd-value-list\\src\\app\\components\\MainCanvas\\index.tsx"
2026-08-28T09:30:49.307885Z  INFO scan_sources: tailwindcss_oxide::scanner: Discovering "C:\\Users\\Admin\\Documents\\astd-value-list\\src\\app\\components\\MainCanvas\\LazyRender.tsx"
2026-08-28T09:30:49.308012Z  INFO scan_sources: tailwindcss_oxide::scanner: Discovering "C:\\Users\\Admin\\Documents\\astd-value-list\\src\\app\\components\\MainCanvas\\TierSections.tsx"
2026-08-28T09:30:49.308118Z  INFO scan_sources: tailwindcss_oxide::scanner: Discovering "C:\\Users\\Admin\\Documents\\astd-value-list\\src\\app\\components\\MainCanvas\\UnitGrid.tsx"
2026-08-28T09:30:49.308222Z  INFO scan_sources: tailwindcss_oxide::scanner: Discovering "C:\\Users\\Admin\\Documents\\astd-value-list\\src\\app\\components\\MainCanvas\\UnitListTable.tsx"
2026-08-28T09:30:49.309184Z  INFO scan_sources: tailwindcss_oxide::scanner: Discovering "C:\\Users\\Admin\\Documents\\astd-value-list\\src\\app\\components\\Sidebar.tsx"
2026-08-28T09:30:49.309809Z  INFO scan_sources: tailwindcss_oxide::scanner: Discovering "C:\\Users\\Admin\\Documents\\astd-value-list\\src\\app\\components\\TradeAnalyzer"
2026-08-28T09:30:49.310403Z  INFO scan_sources: tailwindcss_oxide::scanner: Discovering "C:\\Users\\Admin\\Documents\\astd-value-list\\src\\app\\components\\TradeAnalyzer\\ActiveCardRow.tsx"
2026-08-28T09:30:49.310525Z  INFO scan_sources: tailwindcss_oxide::scanner: Discovering "C:\\Users\\Admin\\Documents\\astd-value-list\\src\\app\\components\\TradeAnalyzer\\index.tsx"
2026-08-28T09:30:49.310655Z  INFO scan_sources: tailwindcss_oxide::scanner: Discovering "C:\\Users\\Admin\\Documents\\astd-value-list\\src\\app\\components\\TradeAnalyzer\\smartParser.ts"
2026-08-28T09:30:49.310781Z  INFO scan_sources: tailwindcss_oxide::scanner: Discovering "C:\\Users\\Admin\\Documents\\astd-value-list\\src\\app\\components\\TradeAnalyzer\\summaryUtils.tsx"
2026-08-28T09:30:49.310886Z  INFO scan_sources: tailwindcss_oxide::scanner: Discovering "C:\\Users\\Admin\\Documents\\astd-value-list\\src\\app\\components\\TradeAnalyzer\\TradeNotices.tsx"
2026-08-28T09:30:49.310987Z  INFO scan_sources: tailwindcss_oxide::scanner: Discovering "C:\\Users\\Admin\\Documents\\astd-value-list\\src\\app\\components\\TradeAnalyzer\\TradeSectionPanel.tsx"
2026-08-28T09:30:49.311137Z  INFO scan_sources: tailwindcss_oxide::scanner: Discovering "C:\\Users\\Admin\\Documents\\astd-value-list\\src\\app\\components\\TutorialChannel.tsx"
2026-08-28T09:30:49.311309Z  INFO scan_sources: tailwindcss_oxide::scanner: Discovering "C:\\Users\\Admin\\Documents\\astd-value-list\\src\\app\\components\\ui"
2026-08-28T09:30:49.311538Z  INFO scan_sources: tailwindcss_oxide::scanner: Discovering "C:\\Users\\Admin\\Documents\\astd-value-list\\src\\app\\components\\ui\\accordion.tsx"
2026-08-28T09:30:49.311687Z  INFO scan_sources: tailwindcss_oxide::scanner: Discovering "C:\\Users\\Admin\\Documents\\astd-value-list\\src\\app\\components\\ui\\alert-dialog.tsx"
2026-08-28T09:30:49.311801Z  INFO scan_sources: tailwindcss_oxide::scanner: Discovering "C:\\Users\\Admin\\Documents\\astd-value-list\\src\\app\\components\\ui\\alert.tsx"
2026-08-28T09:30:49.311901Z  INFO scan_sources: tailwindcss_oxide::scanner: Discovering "C:\\Users\\Admin\\Documents\\astd-value-list\\src\\app\\components\\ui\\aspect-ratio.tsx"
2026-08-28T09:30:49.312983Z  INFO scan_sources: tailwindcss_oxide::scanner: Discovering "C:\\Users\\Admin\\Documents\\astd-value-list\\src\\app\\components\\ui\\avatar.tsx"
2026-08-28T09:30:49.313194Z  INFO scan_sources: tailwindcss_oxide::scanner: Discovering "C:\\Users\\Admin\\Documents\\astd-value-list\\src\\app\\components\\ui\\badge.tsx"
2026-08-28T09:30:49.313303Z  INFO scan_sources: tailwindcss_oxide::scanner: Discovering "C:\\Users\\Admin\\Documents\\astd-value-list\\src\\app\\components\\ui\\breadcrumb.tsx"
2026-08-28T09:30:49.313400Z  INFO scan_sources: tailwindcss_oxide::scanner: Discovering "C:\\Users\\Admin\\Documents\\astd-value-list\\src\\app\\components\\ui\\button.tsx"
2026-08-28T09:30:49.313495Z  INFO scan_sources: tailwindcss_oxide::scanner: Discovering "C:\\Users\\Admin\\Documents\\astd-value-list\\src\\app\\components\\ui\\calendar.tsx"
2026-08-28T09:30:49.313688Z  INFO scan_sources: tailwindcss_oxide::scanner: Discovering "C:\\Users\\Admin\\Documents\\astd-value-list\\src\\app\\components\\ui\\card.tsx"
2026-08-28T09:30:49.313816Z  INFO scan_sources: tailwindcss_oxide::scanner: Discovering "C:\\Users\\Admin\\Documents\\astd-value-list\\src\\app\\components\\ui\\carousel.tsx"
2026-08-28T09:30:49.314337Z  INFO scan_sources: tailwindcss_oxide::scanner: Discovering "C:\\Users\\Admin\\Documents\\astd-value-list\\src\\app\\components\\ui\\chart.tsx"
2026-08-28T09:30:49.314463Z  INFO scan_sources: tailwindcss_oxide::scanner: Discovering "C:\\Users\\Admin\\Documents\\astd-value-list\\src\\app\\components\\ui\\checkbox.tsx"
2026-08-28T09:30:49.314569Z  INFO scan_sources: tailwindcss_oxide::scanner: Discovering "C:\\Users\\Admin\\Documents\\astd-value-list\\src\\app\\components\\ui\\collapsible.tsx"
2026-08-28T09:30:49.315350Z  INFO scan_sources: tailwindcss_oxide::scanner: Discovering "C:\\Users\\Admin\\Documents\\astd-value-list\\src\\app\\components\\ui\\command.tsx"
2026-08-28T09:30:49.315474Z  INFO scan_sources: tailwindcss_oxide::scanner: Discovering "C:\\Users\\Admin\\Documents\\astd-value-list\\src\\app\\components\\ui\\context-menu.tsx"
2026-08-28T09:30:49.315580Z  INFO scan_sources: tailwindcss_oxide::scanner: Discovering "C:\\Users\\Admin\\Documents\\astd-value-list\\src\\app\\components\\ui\\dialog.tsx"
2026-08-28T09:30:49.315735Z  INFO scan_sources: tailwindcss_oxide::scanner: Discovering "C:\\Users\\Admin\\Documents\\astd-value-list\\src\\app\\components\\ui\\drawer.tsx"
2026-08-28T09:30:49.315848Z  INFO scan_sources: tailwindcss_oxide::scanner: Discovering "C:\\Users\\Admin\\Documents\\astd-value-list\\src\\app\\components\\ui\\dropdown-menu.tsx"
2026-08-28T09:30:49.315953Z  INFO scan_sources: tailwindcss_oxide::scanner: Discovering "C:\\Users\\Admin\\Documents\\astd-value-list\\src\\app\\components\\ui\\form.tsx"
2026-08-28T09:30:49.316054Z  INFO scan_sources: tailwindcss_oxide::scanner: Discovering "C:\\Users\\Admin\\Documents\\astd-value-list\\src\\app\\components\\ui\\hover-card.tsx"
2026-08-28T09:30:49.316153Z  INFO scan_sources: tailwindcss_oxide::scanner: Discovering "C:\\Users\\Admin\\Documents\\astd-value-list\\src\\app\\components\\ui\\input-otp.tsx"
2026-08-28T09:30:49.316253Z  INFO scan_sources: tailwindcss_oxide::scanner: Discovering "C:\\Users\\Admin\\Documents\\astd-value-list\\src\\app\\components\\ui\\input.tsx"
2026-08-28T09:30:49.316692Z  INFO scan_sources: tailwindcss_oxide::scanner: Discovering "C:\\Users\\Admin\\Documents\\astd-value-list\\src\\app\\components\\ui\\label.tsx"
2026-08-28T09:30:49.316825Z  INFO scan_sources: tailwindcss_oxide::scanner: Discovering "C:\\Users\\Admin\\Documents\\astd-value-list\\src\\app\\components\\ui\\menubar.tsx"
2026-08-28T09:30:49.316999Z  INFO scan_sources: tailwindcss_oxide::scanner: Discovering "C:\\Users\\Admin\\Documents\\astd-value-list\\src\\app\\components\\ui\\navigation-menu.tsx"
2026-08-28T09:30:49.317163Z  INFO scan_sources: tailwindcss_oxide::scanner: Discovering "C:\\Users\\Admin\\Documents\\astd-value-list\\src\\app\\components\\ui\\pagination.tsx"
2026-08-28T09:30:49.317273Z  INFO scan_sources: tailwindcss_oxide::scanner: Discovering "C:\\Users\\Admin\\Documents\\astd-value-list\\src\\app\\components\\ui\\popover.tsx"
2026-08-28T09:30:49.317720Z  INFO scan_sources: tailwindcss_oxide::scanner: Discovering "C:\\Users\\Admin\\Documents\\astd-value-list\\src\\app\\components\\ui\\progress.tsx"
2026-08-28T09:30:49.317935Z  INFO scan_sources: tailwindcss_oxide::scanner: Discovering "C:\\Users\\Admin\\Documents\\astd-value-list\\src\\app\\components\\ui\\radio-group.tsx"
2026-08-28T09:30:49.318129Z  INFO scan_sources: tailwindcss_oxide::scanner: Discovering "C:\\Users\\Admin\\Documents\\astd-value-list\\src\\app\\components\\ui\\resizable.tsx"
2026-08-28T09:30:49.318257Z  INFO scan_sources: tailwindcss_oxide::scanner: Discovering "C:\\Users\\Admin\\Documents\\astd-value-list\\src\\app\\components\\ui\\scroll-area.tsx"
2026-08-28T09:30:49.318830Z  INFO scan_sources: tailwindcss_oxide::scanner: Discovering "C:\\Users\\Admin\\Documents\\astd-value-list\\src\\app\\components\\ui\\select.tsx"
2026-08-28T09:30:49.318981Z  INFO scan_sources: tailwindcss_oxide::scanner: Discovering "C:\\Users\\Admin\\Documents\\astd-value-list\\src\\app\\components\\ui\\separator.tsx"
2026-08-28T09:30:49.319122Z  INFO scan_sources: tailwindcss_oxide::scanner: Discovering "C:\\Users\\Admin\\Documents\\astd-value-list\\src\\app\\components\\ui\\sheet.tsx"
2026-08-28T09:30:49.319226Z  INFO scan_sources: tailwindcss_oxide::scanner: Discovering "C:\\Users\\Admin\\Documents\\astd-value-list\\src\\app\\components\\ui\\sidebar.tsx"
2026-08-28T09:30:49.319329Z  INFO scan_sources: tailwindcss_oxide::scanner: Discovering "C:\\Users\\Admin\\Documents\\astd-value-list\\src\\app\\components\\ui\\skeleton.tsx"
2026-08-28T09:30:49.319507Z  INFO scan_sources: tailwindcss_oxide::scanner: Discovering "C:\\Users\\Admin\\Documents\\astd-value-list\\src\\app\\components\\ui\\slider.tsx"
2026-08-28T09:30:49.319686Z  INFO scan_sources: tailwindcss_oxide::scanner: Discovering "C:\\Users\\Admin\\Documents\\astd-value-list\\src\\app\\components\\ui\\switch.tsx"
2026-08-28T09:30:49.319801Z  INFO scan_sources: tailwindcss_oxide::scanner: Discovering "C:\\Users\\Admin\\Documents\\astd-value-list\\src\\app\\components\\ui\\table.tsx"
2026-08-28T09:30:49.319901Z  INFO scan_sources: tailwindcss_oxide::scanner: Discovering "C:\\Users\\Admin\\Documents\\astd-value-list\\src\\app\\components\\ui\\tabs.tsx"
2026-08-28T09:30:49.320101Z  INFO scan_sources: tailwindcss_oxide::scanner: Discovering "C:\\Users\\Admin\\Documents\\astd-value-list\\src\\app\\components\\ui\\textarea.tsx"
2026-08-28T09:30:49.320284Z  INFO scan_sources: tailwindcss_oxide::scanner: Discovering "C:\\Users\\Admin\\Documents\\astd-value-list\\src\\app\\components\\ui\\toggle-group.tsx"
2026-08-28T09:30:49.320522Z  INFO scan_sources: tailwindcss_oxide::scanner: Discovering "C:\\Users\\Admin\\Documents\\astd-value-list\\src\\app\\components\\ui\\toggle.tsx"
2026-08-28T09:30:49.320760Z  INFO scan_sources: tailwindcss_oxide::scanner: Discovering "C:\\Users\\Admin\\Documents\\astd-value-list\\src\\app\\components\\ui\\tooltip.tsx"
2026-08-28T09:30:49.320885Z  INFO scan_sources: tailwindcss_oxide::scanner: Discovering "C:\\Users\\Admin\\Documents\\astd-value-list\\src\\app\\components\\ui\\use-mobile.ts"
2026-08-28T09:30:49.321660Z  INFO scan_sources: tailwindcss_oxide::scanner: Discovering "C:\\Users\\Admin\\Documents\\astd-value-list\\src\\app\\components\\ui\\utils.ts"
2026-08-28T09:30:49.322427Z  INFO scan_sources: tailwindcss_oxide::scanner: Discovering "C:\\Users\\Admin\\Documents\\astd-value-list\\src\\context"
2026-08-28T09:30:49.329226Z  INFO scan_sources: tailwindcss_oxide::scanner: Discovering "C:\\Users\\Admin\\Documents\\astd-value-list\\src\\context\\UnitContext.tsx"
2026-08-28T09:30:49.329489Z  INFO scan_sources: tailwindcss_oxide::scanner: Discovering "C:\\Users\\Admin\\Documents\\astd-value-list\\src\\data"
2026-08-28T09:30:49.330068Z  INFO scan_sources: tailwindcss_oxide::scanner: Discovering "C:\\Users\\Admin\\Documents\\astd-value-list\\src\\data\\config.ts"
2026-08-28T09:30:49.330228Z  INFO scan_sources: tailwindcss_oxide::scanner: Discovering "C:\\Users\\Admin\\Documents\\astd-value-list\\src\\data\\helpers.ts"
2026-08-28T09:30:49.330373Z  INFO scan_sources: tailwindcss_oxide::scanner: Discovering "C:\\Users\\Admin\\Documents\\astd-value-list\\src\\data\\images.ts"
2026-08-28T09:30:49.330488Z  INFO scan_sources: tailwindcss_oxide::scanner: Discovering "C:\\Users\\Admin\\Documents\\astd-value-list\\src\\data\\index.ts"
2026-08-28T09:30:49.330631Z  INFO scan_sources: tailwindcss_oxide::scanner: Discovering "C:\\Users\\Admin\\Documents\\astd-value-list\\src\\data\\units.ts"
2026-08-28T09:30:49.330792Z  INFO scan_sources: tailwindcss_oxide::scanner: Discovering "C:\\Users\\Admin\\Documents\\astd-value-list\\src\\main.tsx"
2026-08-28T09:30:49.330982Z  INFO scan_sources: tailwindcss_oxide::scanner: Discovering "C:\\Users\\Admin\\Documents\\astd-value-list\\src\\styles"
2026-08-28T09:30:49.331776Z  INFO scan_sources: tailwindcss_oxide::scanner: Discovering "C:\\Users\\Admin\\Documents\\astd-value-list\\src\\types.ts"
2026-08-28T09:30:49.331903Z  INFO scan_sources: tailwindcss_oxide::scanner: Discovering "C:\\Users\\Admin\\Documents\\astd-value-list\\src\\vite-env.d.ts"
2026-08-28T09:30:49.382829Z  INFO scan_sources: tailwindcss_oxide::scanner: Discovering "C:\\Users\\Admin\\Documents\\astd-value-list\\src\\app"
2026-08-28T09:30:49.383359Z  INFO scan_sources: tailwindcss_oxide::scanner: Discovering "C:\\Users\\Admin\\Documents\\astd-value-list\\src\\app\\components"
2026-08-28T09:30:49.383894Z  INFO scan_sources: tailwindcss_oxide::scanner: Discovering "C:\\Users\\Admin\\Documents\\astd-value-list\\src\\app\\components\\figma"
2026-08-28T09:30:49.384810Z  INFO scan_sources: tailwindcss_oxide::scanner: Discovering "C:\\Users\\Admin\\Documents\\astd-value-list\\src\\app\\components\\MainCanvas"
2026-08-28T09:30:49.385853Z  INFO scan_sources: tailwindcss_oxide::scanner: Discovering "C:\\Users\\Admin\\Documents\\astd-value-list\\src\\app\\components\\TradeAnalyzer"
2026-08-28T09:30:49.395758Z  INFO scan_sources: tailwindcss_oxide::scanner: Discovering "C:\\Users\\Admin\\Documents\\astd-value-list\\src\\app\\components\\ui"
2026-08-28T09:30:49.412706Z  INFO scan_sources: tailwindcss_oxide::scanner: Discovering "C:\\Users\\Admin\\Documents\\astd-value-list\\src\\context"
2026-08-28T09:30:49.413220Z  INFO scan_sources: tailwindcss_oxide::scanner: Discovering "C:\\Users\\Admin\\Documents\\astd-value-list\\src\\data"
2026-08-28T09:30:49.414618Z  INFO scan_sources: tailwindcss_oxide::scanner: Discovering "C:\\Users\\Admin\\Documents\\astd-value-list\\src\\styles"
2026-08-28T09:30:49.415373Z  INFO scan_sources: tailwindcss_oxide::scanner: exit
2026-08-28T09:30:49.415393Z  INFO extract_candidates: tailwindcss_oxide::scanner: enter
2026-08-28T09:30:49.415404Z  INFO extract_candidates:read_all_files: tailwindcss_oxide::scanner: enter
2026-08-28T09:30:49.415409Z  INFO extract_candidates:read_all_files: tailwindcss_oxide::scanner: Reading 74 file(s)
2026-08-28T09:30:49.416034Z  INFO tailwindcss_oxide::scanner: Reading "C:\\Users\\Admin\\Documents\\astd-value-list\\src\\app\\App.tsx"
2026-08-28T09:30:49.416678Z  INFO tailwindcss_oxide::scanner: Reading "C:\\Users\\Admin\\Documents\\astd-value-list\\src\\app\\components\\ui\\form.tsx"
2026-08-28T09:30:49.416919Z  INFO tailwindcss_oxide::scanner: Reading "C:\\Users\\Admin\\Documents\\astd-value-list\\src\\app\\components\\ui\\accordion.tsx"
2026-08-28T09:30:49.417413Z  INFO tailwindcss_oxide::scanner: Reading "C:\\Users\\Admin\\Documents\\astd-value-list\\src\\app\\components\\ui\\hover-card.tsx"
2026-08-28T09:30:49.417502Z  INFO tailwindcss_oxide::scanner: Reading "C:\\Users\\Admin\\Documents\\astd-value-list\\src\\app\\components\\ui\\alert-dialog.tsx"
2026-08-28T09:30:49.418040Z  INFO tailwindcss_oxide::scanner: Reading "C:\\Users\\Admin\\Documents\\astd-value-list\\src\\app\\components\\ui\\alert.tsx"
2026-08-28T09:30:49.418039Z  INFO tailwindcss_oxide::scanner: Reading "C:\\Users\\Admin\\Documents\\astd-value-list\\src\\app\\components\\ui\\input-otp.tsx"
2026-08-28T09:30:49.418646Z  INFO tailwindcss_oxide::scanner: Reading "C:\\Users\\Admin\\Documents\\astd-value-list\\src\\app\\components\\ui\\input.tsx"
2026-08-28T09:30:49.418645Z  INFO tailwindcss_oxide::scanner: Reading "C:\\Users\\Admin\\Documents\\astd-value-list\\src\\app\\components\\ui\\aspect-ratio.tsx"
2026-08-28T09:30:49.418672Z  INFO tailwindcss_oxide::scanner: Reading "C:\\Users\\Admin\\Documents\\astd-value-list\\src\\app\\components\\ui\\card.tsx"
2026-08-28T09:30:49.419189Z  INFO tailwindcss_oxide::scanner: Reading "C:\\Users\\Admin\\Documents\\astd-value-list\\src\\app\\components\\ui\\avatar.tsx"
2026-08-28T09:30:49.419210Z  INFO tailwindcss_oxide::scanner: Reading "C:\\Users\\Admin\\Documents\\astd-value-list\\src\\app\\components\\ui\\label.tsx"
2026-08-28T09:30:49.419344Z  INFO tailwindcss_oxide::scanner: Reading "C:\\Users\\Admin\\Documents\\astd-value-list\\src\\app\\components\\ui\\carousel.tsx"
2026-08-28T09:30:49.419725Z  INFO tailwindcss_oxide::scanner: Reading "C:\\Users\\Admin\\Documents\\astd-value-list\\src\\app\\components\\ui\\menubar.tsx"
2026-08-28T09:30:49.419728Z  INFO tailwindcss_oxide::scanner: Reading "C:\\Users\\Admin\\Documents\\astd-value-list\\src\\app\\components\\ui\\badge.tsx"
2026-08-28T09:30:49.419841Z  INFO tailwindcss_oxide::scanner: Reading "C:\\Users\\Admin\\Documents\\astd-value-list\\src\\app\\components\\ui\\chart.tsx"
2026-08-28T09:30:49.420291Z  INFO tailwindcss_oxide::scanner: Reading "C:\\Users\\Admin\\Documents\\astd-value-list\\src\\app\\components\\ui\\navigation-menu.tsx"
2026-08-28T09:30:49.420291Z  INFO tailwindcss_oxide::scanner: Reading "C:\\Users\\Admin\\Documents\\astd-value-list\\src\\app\\components\\ui\\breadcrumb.tsx"
2026-08-28T09:30:49.420330Z  INFO tailwindcss_oxide::scanner: Reading "C:\\Users\\Admin\\Documents\\astd-value-list\\src\\app\\components\\ui\\checkbox.tsx"
2026-08-28T09:30:49.420600Z  INFO tailwindcss_oxide::scanner: Reading "C:\\Users\\Admin\\Documents\\astd-value-list\\src\\app\\components\\ExtraNoticesChannel.tsx"
2026-08-28T09:30:49.420860Z  INFO tailwindcss_oxide::scanner: Reading "C:\\Users\\Admin\\Documents\\astd-value-list\\src\\app\\components\\ui\\collapsible.tsx"
2026-08-28T09:30:49.420871Z  INFO tailwindcss_oxide::scanner: Reading "C:\\Users\\Admin\\Documents\\astd-value-list\\src\\app\\components\\ui\\pagination.tsx"
2026-08-28T09:30:49.420873Z  INFO tailwindcss_oxide::scanner: Reading "C:\\Users\\Admin\\Documents\\astd-value-list\\src\\app\\components\\ui\\button.tsx"
2026-08-28T09:30:49.421353Z  INFO tailwindcss_oxide::scanner: Reading "C:\\Users\\Admin\\Documents\\astd-value-list\\src\\app\\components\\ui\\command.tsx"
2026-08-28T09:30:49.421393Z  INFO tailwindcss_oxide::scanner: Reading "C:\\Users\\Admin\\Documents\\astd-value-list\\src\\app\\components\\ui\\popover.tsx"
2026-08-28T09:30:49.421479Z  INFO tailwindcss_oxide::scanner: Reading "C:\\Users\\Admin\\Documents\\astd-value-list\\src\\app\\components\\ui\\calendar.tsx"
2026-08-28T09:30:49.421875Z  INFO tailwindcss_oxide::scanner: Reading "C:\\Users\\Admin\\Documents\\astd-value-list\\src\\app\\components\\ui\\context-menu.tsx"
2026-08-28T09:30:49.421922Z  INFO tailwindcss_oxide::scanner: Reading "C:\\Users\\Admin\\Documents\\astd-value-list\\src\\app\\components\\ui\\dialog.tsx"
2026-08-28T09:30:49.422023Z  INFO tailwindcss_oxide::scanner: Reading "C:\\Users\\Admin\\Documents\\astd-value-list\\src\\app\\components\\ui\\progress.tsx"
2026-08-28T09:30:49.424045Z  INFO tailwindcss_oxide::scanner: Reading "C:\\Users\\Admin\\Documents\\astd-value-list\\src\\app\\components\\ui\\drawer.tsx"
2026-08-28T09:30:49.425080Z  INFO tailwindcss_oxide::scanner: Reading "C:\\Users\\Admin\\Documents\\astd-value-list\\src\\app\\components\\MainCanvas\\UnitListTable.tsx"
2026-08-28T09:30:49.425394Z  INFO tailwindcss_oxide::scanner: Reading "C:\\Users\\Admin\\Documents\\astd-value-list\\src\\app\\components\\ui\\radio-group.tsx"
2026-08-28T09:30:49.426098Z  INFO tailwindcss_oxide::scanner: Reading "C:\\Users\\Admin\\Documents\\astd-value-list\\src\\app\\components\\ui\\dropdown-menu.tsx"
2026-08-28T09:30:49.426174Z  INFO tailwindcss_oxide::scanner: Reading "C:\\Users\\Admin\\Documents\\astd-value-list\\src\\app\\components\\ui\\resizable.tsx"
2026-08-28T09:30:49.426298Z  INFO tailwindcss_oxide::scanner: Reading "C:\\Users\\Admin\\Documents\\astd-value-list\\src\\app\\components\\Sidebar.tsx"
2026-08-28T09:30:49.426881Z  INFO tailwindcss_oxide::scanner: Reading "C:\\Users\\Admin\\Documents\\astd-value-list\\src\\app\\components\\TradeAnalyzer\\ActiveCardRow.tsx"
2026-08-28T09:30:49.426884Z  INFO tailwindcss_oxide::scanner: Reading "C:\\Users\\Admin\\Documents\\astd-value-list\\src\\app\\components\\ui\\scroll-area.tsx"
2026-08-28T09:30:49.426902Z  INFO tailwindcss_oxide::scanner: Reading "C:\\Users\\Admin\\Documents\\astd-value-list\\src\\app\\components\\TradeAnalyzer\\smartParser.ts"
2026-08-28T09:30:49.427045Z  INFO tailwindcss_oxide::scanner: Reading "C:\\Users\\Admin\\Documents\\astd-value-list\\src\\app\\components\\figma\\ImageWithFallback.tsx"
2026-08-28T09:30:49.427457Z  INFO tailwindcss_oxide::scanner: Reading "C:\\Users\\Admin\\Documents\\astd-value-list\\src\\app\\components\\TradeAnalyzer\\summaryUtils.tsx"
2026-08-28T09:30:49.427480Z  INFO tailwindcss_oxide::scanner: Reading "C:\\Users\\Admin\\Documents\\astd-value-list\\src\\app\\components\\ui\\select.tsx"
2026-08-28T09:30:49.427461Z  INFO tailwindcss_oxide::scanner: Reading "C:\\Users\\Admin\\Documents\\astd-value-list\\src\\app\\components\\TradeAnalyzer\\index.tsx"
2026-08-28T09:30:49.428042Z  INFO tailwindcss_oxide::scanner: Reading "C:\\Users\\Admin\\Documents\\astd-value-list\\src\\app\\components\\ui\\separator.tsx"
2026-08-28T09:30:49.428042Z  INFO tailwindcss_oxide::scanner: Reading "C:\\Users\\Admin\\Documents\\astd-value-list\\src\\app\\components\\TradeAnalyzer\\TradeNotices.tsx"
2026-08-28T09:30:49.428043Z  INFO tailwindcss_oxide::scanner: Reading "C:\\Users\\Admin\\Documents\\astd-value-list\\src\\app\\components\\MainCanvas\\CustomDropdown.tsx"
2026-08-28T09:30:49.428647Z  INFO tailwindcss_oxide::scanner: Reading "C:\\Users\\Admin\\Documents\\astd-value-list\\src\\app\\components\\ui\\sheet.tsx"
2026-08-28T09:30:49.428647Z  INFO tailwindcss_oxide::scanner: Reading "C:\\Users\\Admin\\Documents\\astd-value-list\\src\\app\\components\\TradeAnalyzer\\TradeSectionPanel.tsx"
2026-08-28T09:30:49.428652Z  INFO tailwindcss_oxide::scanner: Reading "C:\\Users\\Admin\\Documents\\astd-value-list\\src\\app\\components\\MainCanvas\\index.tsx"
2026-08-28T09:30:49.429180Z  INFO tailwindcss_oxide::scanner: Reading "C:\\Users\\Admin\\Documents\\astd-value-list\\src\\app\\components\\ui\\sidebar.tsx"
2026-08-28T09:30:49.429193Z  INFO tailwindcss_oxide::scanner: Reading "C:\\Users\\Admin\\Documents\\astd-value-list\\src\\app\\components\\TutorialChannel.tsx"
2026-08-28T09:30:49.429203Z  INFO tailwindcss_oxide::scanner: Reading "C:\\Users\\Admin\\Documents\\astd-value-list\\src\\app\\components\\MainCanvas\\LazyRender.tsx"
2026-08-28T09:30:49.429737Z  INFO tailwindcss_oxide::scanner: Reading "C:\\Users\\Admin\\Documents\\astd-value-list\\src\\app\\components\\ui\\slider.tsx"
2026-08-28T09:30:49.429755Z  INFO tailwindcss_oxide::scanner: Reading "C:\\Users\\Admin\\Documents\\astd-value-list\\src\\app\\components\\MainCanvas\\TierSections.tsx"
2026-08-28T09:30:49.429775Z  INFO tailwindcss_oxide::scanner: Reading "C:\\Users\\Admin\\Documents\\astd-value-list\\src\\app\\components\\ui\\skeleton.tsx"
2026-08-28T09:30:49.430215Z  INFO tailwindcss_oxide::scanner: Reading "C:\\Users\\Admin\\Documents\\astd-value-list\\src\\app\\components\\ui\\switch.tsx"
2026-08-28T09:30:49.430224Z  INFO tailwindcss_oxide::scanner: Reading "C:\\Users\\Admin\\Documents\\astd-value-list\\src\\app\\components\\MainCanvas\\UnitGrid.tsx"
2026-08-28T09:30:49.430232Z  INFO tailwindcss_oxide::scanner: Reading "C:\\Users\\Admin\\Documents\\astd-value-list\\src\\app\\components\\ui\\utils.ts"
2026-08-28T09:30:49.430346Z  INFO tailwindcss_oxide::scanner: Reading "C:\\Users\\Admin\\Documents\\astd-value-list\\src\\context\\UnitContext.tsx"
2026-08-28T09:30:49.430431Z  INFO tailwindcss_oxide::scanner: Reading "C:\\Users\\Admin\\Documents\\astd-value-list\\src\\data\\config.ts"
2026-08-28T09:30:49.430509Z  INFO tailwindcss_oxide::scanner: Reading "C:\\Users\\Admin\\Documents\\astd-value-list\\src\\data\\helpers.ts"
2026-08-28T09:30:49.430702Z  INFO tailwindcss_oxide::scanner: Reading "C:\\Users\\Admin\\Documents\\astd-value-list\\src\\data\\images.ts"
2026-08-28T09:30:49.430777Z  INFO tailwindcss_oxide::scanner: Reading "C:\\Users\\Admin\\Documents\\astd-value-list\\src\\app\\components\\ui\\table.tsx"
2026-08-28T09:30:49.431310Z  INFO tailwindcss_oxide::scanner: Reading "C:\\Users\\Admin\\Documents\\astd-value-list\\src\\data\\index.ts"
2026-08-28T09:30:49.431337Z  INFO tailwindcss_oxide::scanner: Reading "C:\\Users\\Admin\\Documents\\astd-value-list\\src\\app\\components\\ui\\tabs.tsx"
2026-08-28T09:30:49.431457Z  INFO tailwindcss_oxide::scanner: Reading "C:\\Users\\Admin\\Documents\\astd-value-list\\src\\data\\units.ts"
2026-08-28T09:30:49.431528Z  INFO tailwindcss_oxide::scanner: Reading "C:\\Users\\Admin\\Documents\\astd-value-list\\src\\main.tsx"
2026-08-28T09:30:49.431625Z  INFO tailwindcss_oxide::scanner: Reading "C:\\Users\\Admin\\Documents\\astd-value-list\\src\\types.ts"
2026-08-28T09:30:49.432037Z  INFO tailwindcss_oxide::scanner: Reading "C:\\Users\\Admin\\Documents\\astd-value-list\\src\\app\\components\\HomeChannel.tsx"
2026-08-28T09:30:49.432162Z  INFO tailwindcss_oxide::scanner: Reading "C:\\Users\\Admin\\Documents\\astd-value-list\\src\\vite-env.d.ts"
2026-08-28T09:30:49.432162Z  INFO tailwindcss_oxide::scanner: Reading "C:\\Users\\Admin\\Documents\\astd-value-list\\src\\app\\components\\ui\\toggle.tsx"
2026-08-28T09:30:49.432711Z  INFO tailwindcss_oxide::scanner: Reading "C:\\Users\\Admin\\Documents\\astd-value-list\\src\\app\\components\\ui\\use-mobile.ts"
2026-08-28T09:30:49.432741Z  INFO tailwindcss_oxide::scanner: Reading "C:\\Users\\Admin\\Documents\\astd-value-list\\src\\app\\components\\ui\\tooltip.tsx"
2026-08-28T09:30:49.433032Z  INFO tailwindcss_oxide::scanner: Reading "C:\\Users\\Admin\\Documents\\astd-value-list\\src\\app\\components\\ui\\textarea.tsx"
2026-08-28T09:30:49.433094Z  INFO tailwindcss_oxide::scanner: Reading "C:\\Users\\Admin\\Documents\\astd-value-list\\src\\app\\components\\ui\\toggle-group.tsx"
2026-08-28T09:30:49.433193Z  INFO extract_candidates:read_all_files: tailwindcss_oxide::scanner: exit
2026-08-28T09:30:49.433207Z  INFO extract_candidates:parse_all_blobs: tailwindcss_oxide::scanner: enter
2026-08-28T09:30:49.433215Z  INFO extract_candidates:parse_all_blobs:extract: tailwindcss_oxide::scanner: enter
2026-08-28T09:30:49.442180Z  INFO extract_candidates:parse_all_blobs:extract: tailwindcss_oxide::scanner: exit
2026-08-28T09:30:49.442491Z  INFO extract_candidates:parse_all_blobs: tailwindcss_oxide::scanner: exit
2026-08-28T09:30:49.443082Z  INFO extract_candidates: tailwindcss_oxide::scanner: exit
2026-08-28T09:30:49.445281Z  INFO get_files: tailwindcss_oxide::scanner: enter
2026-08-28T09:30:49.445303Z  INFO get_files:scan_sources: tailwindcss_oxide::scanner: enter
2026-08-28T09:30:49.446601Z  INFO get_files:scan_sources: tailwindcss_oxide::scanner: Discovering "C:\\Users\\Admin\\Documents\\astd-value-list\\src\\app"
2026-08-28T09:30:49.446957Z  INFO get_files:scan_sources: tailwindcss_oxide::scanner: Discovering "C:\\Users\\Admin\\Documents\\astd-value-list\\src\\app\\components"
2026-08-28T09:30:49.447329Z  INFO get_files:scan_sources: tailwindcss_oxide::scanner: Discovering "C:\\Users\\Admin\\Documents\\astd-value-list\\src\\app\\components\\figma"
2026-08-28T09:30:49.447766Z  INFO get_files:scan_sources: tailwindcss_oxide::scanner: Discovering "C:\\Users\\Admin\\Documents\\astd-value-list\\src\\app\\components\\MainCanvas"
2026-08-28T09:30:49.448494Z  INFO get_files:scan_sources: tailwindcss_oxide::scanner: Discovering "C:\\Users\\Admin\\Documents\\astd-value-list\\src\\app\\components\\TradeAnalyzer"
2026-08-28T09:30:49.449215Z  INFO get_files:scan_sources: tailwindcss_oxide::scanner: Discovering "C:\\Users\\Admin\\Documents\\astd-value-list\\src\\app\\components\\ui"
2026-08-28T09:30:49.452061Z  INFO get_files:scan_sources: tailwindcss_oxide::scanner: Discovering "C:\\Users\\Admin\\Documents\\astd-value-list\\src\\context"
2026-08-28T09:30:49.452493Z  INFO get_files:scan_sources: tailwindcss_oxide::scanner: Discovering "C:\\Users\\Admin\\Documents\\astd-value-list\\src\\data"
2026-08-28T09:30:49.453532Z  INFO get_files:scan_sources: tailwindcss_oxide::scanner: Discovering "C:\\Users\\Admin\\Documents\\astd-value-list\\src\\styles"
2026-08-28T09:30:49.454931Z  INFO get_files:scan_sources: tailwindcss_oxide::scanner: Discovering "C:\\Users\\Admin\\Documents\\astd-value-list\\src\\app"
2026-08-28T09:30:49.455680Z  INFO get_files:scan_sources: tailwindcss_oxide::scanner: Discovering "C:\\Users\\Admin\\Documents\\astd-value-list\\src\\app\\components"
2026-08-28T09:30:49.458019Z  INFO get_files:scan_sources: tailwindcss_oxide::scanner: Discovering "C:\\Users\\Admin\\Documents\\astd-value-list\\src\\app\\components\\figma"
2026-08-28T09:30:49.460883Z  INFO get_files:scan_sources: tailwindcss_oxide::scanner: Discovering "C:\\Users\\Admin\\Documents\\astd-value-list\\src\\app\\components\\MainCanvas"
2026-08-28T09:30:49.461714Z  INFO get_files:scan_sources: tailwindcss_oxide::scanner: Discovering "C:\\Users\\Admin\\Documents\\astd-value-list\\src\\app\\components\\TradeAnalyzer"
2026-08-28T09:30:49.463146Z  INFO get_files:scan_sources: tailwindcss_oxide::scanner: Discovering "C:\\Users\\Admin\\Documents\\astd-value-list\\src\\app\\components\\ui"
2026-08-28T09:30:49.467477Z  INFO get_files:scan_sources: tailwindcss_oxide::scanner: Discovering "C:\\Users\\Admin\\Documents\\astd-value-list\\src\\context"
2026-08-28T09:30:49.467844Z  INFO get_files:scan_sources: tailwindcss_oxide::scanner: Discovering "C:\\Users\\Admin\\Documents\\astd-value-list\\src\\data"
2026-08-28T09:30:49.469248Z  INFO get_files:scan_sources: tailwindcss_oxide::scanner: Discovering "C:\\Users\\Admin\\Documents\\astd-value-list\\src\\styles"
2026-08-28T09:30:49.470005Z  INFO get_files:scan_sources: tailwindcss_oxide::scanner: exit
2026-08-28T09:30:49.470094Z  INFO get_files: tailwindcss_oxide::scanner: exit
2026-08-28T09:30:49.497982Z  INFO get_globs: tailwindcss_oxide::scanner: enter
2026-08-28T09:30:49.498004Z  INFO get_globs:scan_sources: tailwindcss_oxide::scanner: enter
2026-08-28T09:30:49.500833Z  INFO get_globs:scan_sources: tailwindcss_oxide::scanner: Discovering "C:\\Users\\Admin\\Documents\\astd-value-list\\src\\app"
2026-08-28T09:30:49.501243Z  INFO get_globs:scan_sources: tailwindcss_oxide::scanner: Discovering "C:\\Users\\Admin\\Documents\\astd-value-list\\src\\app\\components"
2026-08-28T09:30:49.501576Z  INFO get_globs:scan_sources: tailwindcss_oxide::scanner: Discovering "C:\\Users\\Admin\\Documents\\astd-value-list\\src\\app\\components\\figma"
2026-08-28T09:30:49.501972Z  INFO get_globs:scan_sources: tailwindcss_oxide::scanner: Discovering "C:\\Users\\Admin\\Documents\\astd-value-list\\src\\app\\components\\MainCanvas"
2026-08-28T09:30:49.502727Z  INFO get_globs:scan_sources: tailwindcss_oxide::scanner: Discovering "C:\\Users\\Admin\\Documents\\astd-value-list\\src\\app\\components\\TradeAnalyzer"
2026-08-28T09:30:49.503480Z  INFO get_globs:scan_sources: tailwindcss_oxide::scanner: Discovering "C:\\Users\\Admin\\Documents\\astd-value-list\\src\\app\\components\\ui"
2026-08-28T09:30:49.508047Z  INFO get_globs:scan_sources: tailwindcss_oxide::scanner: Discovering "C:\\Users\\Admin\\Documents\\astd-value-list\\src\\context"
2026-08-28T09:30:49.508551Z  INFO get_globs:scan_sources: tailwindcss_oxide::scanner: Discovering "C:\\Users\\Admin\\Documents\\astd-value-list\\src\\data"
2026-08-28T09:30:49.509198Z  INFO get_globs:scan_sources: tailwindcss_oxide::scanner: Discovering "C:\\Users\\Admin\\Documents\\astd-value-list\\src\\styles"
2026-08-28T09:30:49.510477Z  INFO get_globs:scan_sources: tailwindcss_oxide::scanner: Discovering "C:\\Users\\Admin\\Documents\\astd-value-list\\src\\app"
2026-08-28T09:30:49.510822Z  INFO get_globs:scan_sources: tailwindcss_oxide::scanner: Discovering "C:\\Users\\Admin\\Documents\\astd-value-list\\src\\app\\components"
2026-08-28T09:30:49.511198Z  INFO get_globs:scan_sources: tailwindcss_oxide::scanner: Discovering "C:\\Users\\Admin\\Documents\\astd-value-list\\src\\app\\components\\figma"
2026-08-28T09:30:49.511635Z  INFO get_globs:scan_sources: tailwindcss_oxide::scanner: Discovering "C:\\Users\\Admin\\Documents\\astd-value-list\\src\\app\\components\\MainCanvas"
2026-08-28T09:30:49.512307Z  INFO get_globs:scan_sources: tailwindcss_oxide::scanner: Discovering "C:\\Users\\Admin\\Documents\\astd-value-list\\src\\app\\components\\TradeAnalyzer"
2026-08-28T09:30:49.512986Z  INFO get_globs:scan_sources: tailwindcss_oxide::scanner: Discovering "C:\\Users\\Admin\\Documents\\astd-value-list\\src\\app\\components\\ui"
2026-08-28T09:30:49.516018Z  INFO get_globs:scan_sources: tailwindcss_oxide::scanner: Discovering "C:\\Users\\Admin\\Documents\\astd-value-list\\src\\context"
2026-08-28T09:30:49.516480Z  INFO get_globs:scan_sources: tailwindcss_oxide::scanner: Discovering "C:\\Users\\Admin\\Documents\\astd-value-list\\src\\data"
2026-08-28T09:30:49.517121Z  INFO get_globs:scan_sources: tailwindcss_oxide::scanner: Discovering "C:\\Users\\Admin\\Documents\\astd-value-list\\src\\styles"
2026-08-28T09:30:49.517794Z  INFO get_globs:scan_sources: tailwindcss_oxide::scanner: exit
2026-08-28T09:30:49.518169Z  INFO get_globs: tailwindcss_oxide::scanner: exit
2026-08-28T09:31:00.150703Z  INFO tailwindcss_oxide::scanner: Provided sources:
2026-08-28T09:31:00.150721Z  INFO tailwindcss_oxide::scanner: Source: PublicSourceEntry { base: "C:/Users/Admin/Documents/astd-value-list", pattern: "**/*", negated: false }
2026-08-28T09:31:00.150860Z  INFO tailwindcss_oxide::scanner: Optimized sources:
2026-08-28T09:31:00.150869Z  INFO tailwindcss_oxide::scanner: Source: Auto { base: "C:\\Users\\Admin\\Documents\\astd-value-list" }
2026-08-28T09:31:00.920746Z  INFO tailwindcss_oxide::scanner: Provided sources:
2026-08-28T09:31:00.920762Z  INFO tailwindcss_oxide::scanner: Source: PublicSourceEntry { base: "C:/Users/Admin/Documents/astd-value-list", pattern: "**/*", negated: false }
2026-08-28T09:31:00.920858Z  INFO tailwindcss_oxide::scanner: Optimized sources:
2026-08-28T09:31:00.920866Z  INFO tailwindcss_oxide::scanner: Source: Auto { base: "C:\\Users\\Admin\\Documents\\astd-value-list" }
