2026-08-28T09:28:53.646790Z  INFO tailwindcss_oxide::scanner: Provided sources:
2026-08-28T09:28:53.646884Z  INFO tailwindcss_oxide::scanner: Source: PublicSourceEntry { base: "C:/Users/Admin/Documents/astd-value-list", pattern: "**/*", negated: false }
2026-08-28T09:28:53.647147Z  INFO tailwindcss_oxide::scanner: Optimized sources:
2026-08-28T09:28:53.647170Z  INFO tailwindcss_oxide::scanner: Source: Auto { base: "C:\\Users\\Admin\\Documents\\astd-value-list" }
2026-08-28T09:28:56.468945Z  INFO tailwindcss_oxide::scanner: Provided sources:
2026-08-28T09:28:56.468980Z  INFO tailwindcss_oxide::scanner: Source: PublicSourceEntry { base: "C:/Users/Admin/Documents/astd-value-list", pattern: "**/*", negated: false }
2026-08-28T09:28:56.469343Z  INFO tailwindcss_oxide::scanner: Optimized sources:
2026-08-28T09:28:56.469356Z  INFO tailwindcss_oxide::scanner: Source: Auto { base: "C:\\Users\\Admin\\Documents\\astd-value-list" }
2026-08-28T09:28:57.945578Z  INFO tailwindcss_oxide::scanner: Provided sources:
2026-08-28T09:28:57.945593Z  INFO tailwindcss_oxide::scanner: Source: PublicSourceEntry { base: "C:/Users/Admin/Documents/astd-value-list", pattern: "**/*", negated: false }
2026-08-28T09:28:57.945695Z  INFO tailwindcss_oxide::scanner: Optimized sources:
2026-08-28T09:28:57.945703Z  INFO tailwindcss_oxide::scanner: Source: Auto { base: "C:\\Users\\Admin\\Documents\\astd-value-list" }
2026-08-28T09:28:58.026234Z  INFO tailwindcss_oxide::scanner: Provided sources:
2026-08-28T09:28:58.026249Z  INFO tailwindcss_oxide::scanner: Source: PublicSourceEntry { base: "C:\\Users\\Admin\\Documents\\astd-value-list\\src\\styles", pattern: "../**/*.{js,ts,jsx,tsx}", negated: false }
2026-08-28T09:28:58.028731Z  INFO tailwindcss_oxide::scanner: Optimized sources:
2026-08-28T09:28:58.028749Z  INFO tailwindcss_oxide::scanner: Source: Pattern { base: "C:\\Users\\Admin\\Documents\\astd-value-list\\src", pattern: "**/*.js" }
2026-08-28T09:28:58.028761Z  INFO tailwindcss_oxide::scanner: Source: Pattern { base: "C:\\Users\\Admin\\Documents\\astd-value-list\\src", pattern: "**/*.ts" }
2026-08-28T09:28:58.028765Z  INFO tailwindcss_oxide::scanner: Source: Pattern { base: "C:\\Users\\Admin\\Documents\\astd-value-list\\src", pattern: "**/*.jsx" }
2026-08-28T09:28:58.028769Z  INFO tailwindcss_oxide::scanner: Source: Pattern { base: "C:\\Users\\Admin\\Documents\\astd-value-list\\src", pattern: "**/*.tsx" }
2026-08-28T09:28:58.029192Z  INFO scan_sources: tailwindcss_oxide::scanner: enter
2026-08-28T09:28:58.030748Z  INFO scan_sources: tailwindcss_oxide::scanner: Discovering "C:\\Users\\Admin\\Documents\\astd-value-list\\src\\app"
2026-08-28T09:28:58.031000Z  INFO scan_sources: tailwindcss_oxide::scanner: Discovering "C:\\Users\\Admin\\Documents\\astd-value-list\\src\\app\\App.tsx"
2026-08-28T09:28:58.031179Z  INFO scan_sources: tailwindcss_oxide::scanner: Discovering "C:\\Users\\Admin\\Documents\\astd-value-list\\src\\app\\components"
2026-08-28T09:28:58.031384Z  INFO scan_sources: tailwindcss_oxide::scanner: Discovering "C:\\Users\\Admin\\Documents\\astd-value-list\\src\\app\\components\\ExtraNoticesChannel.tsx"
2026-08-28T09:28:58.031550Z  INFO scan_sources: tailwindcss_oxide::scanner: Discovering "C:\\Users\\Admin\\Documents\\astd-value-list\\src\\app\\components\\figma"
2026-08-28T09:28:58.031740Z  INFO scan_sources: tailwindcss_oxide::scanner: Discovering "C:\\Users\\Admin\\Documents\\astd-value-list\\src\\app\\components\\figma\\ImageWithFallback.tsx"
2026-08-28T09:28:58.031874Z  INFO scan_sources: tailwindcss_oxide::scanner: Discovering "C:\\Users\\Admin\\Documents\\astd-value-list\\src\\app\\components\\HomeChannel.tsx"
2026-08-28T09:28:58.032034Z  INFO scan_sources: tailwindcss_oxide::scanner: Discovering "C:\\Users\\Admin\\Documents\\astd-value-list\\src\\app\\components\\MainCanvas"
2026-08-28T09:28:58.032229Z  INFO scan_sources: tailwindcss_oxide::scanner: Discovering "C:\\Users\\Admin\\Documents\\astd-value-list\\src\\app\\components\\MainCanvas\\CustomDropdown.tsx"
2026-08-28T09:28:58.032327Z  INFO scan_sources: tailwindcss_oxide::scanner: Discovering "C:\\Users\\Admin\\Documents\\astd-value-list\\src\\app\\components\\MainCanvas\\index.tsx"
2026-08-28T09:28:58.032505Z  INFO scan_sources: tailwindcss_oxide::scanner: Discovering "C:\\Users\\Admin\\Documents\\astd-value-list\\src\\app\\components\\MainCanvas\\LazyRender.tsx"
2026-08-28T09:28:58.032632Z  INFO scan_sources: tailwindcss_oxide::scanner: Discovering "C:\\Users\\Admin\\Documents\\astd-value-list\\src\\app\\components\\MainCanvas\\TierSections.tsx"
2026-08-28T09:28:58.032735Z  INFO scan_sources: tailwindcss_oxide::scanner: Discovering "C:\\Users\\Admin\\Documents\\astd-value-list\\src\\app\\components\\MainCanvas\\UnitGrid.tsx"
2026-08-28T09:28:58.032844Z  INFO scan_sources: tailwindcss_oxide::scanner: Discovering "C:\\Users\\Admin\\Documents\\astd-value-list\\src\\app\\components\\MainCanvas\\UnitListTable.tsx"
2026-08-28T09:28:58.032978Z  INFO scan_sources: tailwindcss_oxide::scanner: Discovering "C:\\Users\\Admin\\Documents\\astd-value-list\\src\\app\\components\\Sidebar.tsx"
2026-08-28T09:28:58.033147Z  INFO scan_sources: tailwindcss_oxide::scanner: Discovering "C:\\Users\\Admin\\Documents\\astd-value-list\\src\\app\\components\\TradeAnalyzer"
2026-08-28T09:28:58.033359Z  INFO scan_sources: tailwindcss_oxide::scanner: Discovering "C:\\Users\\Admin\\Documents\\astd-value-list\\src\\app\\components\\TradeAnalyzer\\ActiveCardRow.tsx"
2026-08-28T09:28:58.033484Z  INFO scan_sources: tailwindcss_oxide::scanner: Discovering "C:\\Users\\Admin\\Documents\\astd-value-list\\src\\app\\components\\TradeAnalyzer\\index.tsx"
2026-08-28T09:28:58.033600Z  INFO scan_sources: tailwindcss_oxide::scanner: Discovering "C:\\Users\\Admin\\Documents\\astd-value-list\\src\\app\\components\\TradeAnalyzer\\smartParser.ts"
2026-08-28T09:28:58.033705Z  INFO scan_sources: tailwindcss_oxide::scanner: Discovering "C:\\Users\\Admin\\Documents\\astd-value-list\\src\\app\\components\\TradeAnalyzer\\summaryUtils.tsx"
2026-08-28T09:28:58.033803Z  INFO scan_sources: tailwindcss_oxide::scanner: Discovering "C:\\Users\\Admin\\Documents\\astd-value-list\\src\\app\\components\\TradeAnalyzer\\TradeNotices.tsx"
2026-08-28T09:28:58.033945Z  INFO scan_sources: tailwindcss_oxide::scanner: Discovering "C:\\Users\\Admin\\Documents\\astd-value-list\\src\\app\\components\\TradeAnalyzer\\TradeSectionPanel.tsx"
2026-08-28T09:28:58.034091Z  INFO scan_sources: tailwindcss_oxide::scanner: Discovering "C:\\Users\\Admin\\Documents\\astd-value-list\\src\\app\\components\\TutorialChannel.tsx"
2026-08-28T09:28:58.034264Z  INFO scan_sources: tailwindcss_oxide::scanner: Discovering "C:\\Users\\Admin\\Documents\\astd-value-list\\src\\app\\components\\ui"
2026-08-28T09:28:58.034534Z  INFO scan_sources: tailwindcss_oxide::scanner: Discovering "C:\\Users\\Admin\\Documents\\astd-value-list\\src\\app\\components\\ui\\accordion.tsx"
2026-08-28T09:28:58.034643Z  INFO scan_sources: tailwindcss_oxide::scanner: Discovering "C:\\Users\\Admin\\Documents\\astd-value-list\\src\\app\\components\\ui\\alert-dialog.tsx"
2026-08-28T09:28:58.034746Z  INFO scan_sources: tailwindcss_oxide::scanner: Discovering "C:\\Users\\Admin\\Documents\\astd-value-list\\src\\app\\components\\ui\\alert.tsx"
2026-08-28T09:28:58.034846Z  INFO scan_sources: tailwindcss_oxide::scanner: Discovering "C:\\Users\\Admin\\Documents\\astd-value-list\\src\\app\\components\\ui\\aspect-ratio.tsx"
2026-08-28T09:28:58.034946Z  INFO scan_sources: tailwindcss_oxide::scanner: Discovering "C:\\Users\\Admin\\Documents\\astd-value-list\\src\\app\\components\\ui\\avatar.tsx"
2026-08-28T09:28:58.035047Z  INFO scan_sources: tailwindcss_oxide::scanner: Discovering "C:\\Users\\Admin\\Documents\\astd-value-list\\src\\app\\components\\ui\\badge.tsx"
2026-08-28T09:28:58.035148Z  INFO scan_sources: tailwindcss_oxide::scanner: Discovering "C:\\Users\\Admin\\Documents\\astd-value-list\\src\\app\\components\\ui\\breadcrumb.tsx"
2026-08-28T09:28:58.035253Z  INFO scan_sources: tailwindcss_oxide::scanner: Discovering "C:\\Users\\Admin\\Documents\\astd-value-list\\src\\app\\components\\ui\\button.tsx"
2026-08-28T09:28:58.035353Z  INFO scan_sources: tailwindcss_oxide::scanner: Discovering "C:\\Users\\Admin\\Documents\\astd-value-list\\src\\app\\components\\ui\\calendar.tsx"
2026-08-28T09:28:58.035525Z  INFO scan_sources: tailwindcss_oxide::scanner: Discovering "C:\\Users\\Admin\\Documents\\astd-value-list\\src\\app\\components\\ui\\card.tsx"
2026-08-28T09:28:58.035641Z  INFO scan_sources: tailwindcss_oxide::scanner: Discovering "C:\\Users\\Admin\\Documents\\astd-value-list\\src\\app\\components\\ui\\carousel.tsx"
2026-08-28T09:28:58.035741Z  INFO scan_sources: tailwindcss_oxide::scanner: Discovering "C:\\Users\\Admin\\Documents\\astd-value-list\\src\\app\\components\\ui\\chart.tsx"
2026-08-28T09:28:58.035836Z  INFO scan_sources: tailwindcss_oxide::scanner: Discovering "C:\\Users\\Admin\\Documents\\astd-value-list\\src\\app\\components\\ui\\checkbox.tsx"
2026-08-28T09:28:58.035933Z  INFO scan_sources: tailwindcss_oxide::scanner: Discovering "C:\\Users\\Admin\\Documents\\astd-value-list\\src\\app\\components\\ui\\collapsible.tsx"
2026-08-28T09:28:58.036027Z  INFO scan_sources: tailwindcss_oxide::scanner: Discovering "C:\\Users\\Admin\\Documents\\astd-value-list\\src\\app\\components\\ui\\command.tsx"
2026-08-28T09:28:58.036127Z  INFO scan_sources: tailwindcss_oxide::scanner: Discovering "C:\\Users\\Admin\\Documents\\astd-value-list\\src\\app\\components\\ui\\context-menu.tsx"
2026-08-28T09:28:58.036220Z  INFO scan_sources: tailwindcss_oxide::scanner: Discovering "C:\\Users\\Admin\\Documents\\astd-value-list\\src\\app\\components\\ui\\dialog.tsx"
2026-08-28T09:28:58.036314Z  INFO scan_sources: tailwindcss_oxide::scanner: Discovering "C:\\Users\\Admin\\Documents\\astd-value-list\\src\\app\\components\\ui\\drawer.tsx"
2026-08-28T09:28:58.036409Z  INFO scan_sources: tailwindcss_oxide::scanner: Discovering "C:\\Users\\Admin\\Documents\\astd-value-list\\src\\app\\components\\ui\\dropdown-menu.tsx"
2026-08-28T09:28:58.037096Z  INFO scan_sources: tailwindcss_oxide::scanner: Discovering "C:\\Users\\Admin\\Documents\\astd-value-list\\src\\app\\components\\ui\\form.tsx"
2026-08-28T09:28:58.037212Z  INFO scan_sources: tailwindcss_oxide::scanner: Discovering "C:\\Users\\Admin\\Documents\\astd-value-list\\src\\app\\components\\ui\\hover-card.tsx"
2026-08-28T09:28:58.037315Z  INFO scan_sources: tailwindcss_oxide::scanner: Discovering "C:\\Users\\Admin\\Documents\\astd-value-list\\src\\app\\components\\ui\\input-otp.tsx"
2026-08-28T09:28:58.037415Z  INFO scan_sources: tailwindcss_oxide::scanner: Discovering "C:\\Users\\Admin\\Documents\\astd-value-list\\src\\app\\components\\ui\\input.tsx"
2026-08-28T09:28:58.037558Z  INFO scan_sources: tailwindcss_oxide::scanner: Discovering "C:\\Users\\Admin\\Documents\\astd-value-list\\src\\app\\components\\ui\\label.tsx"
2026-08-28T09:28:58.037660Z  INFO scan_sources: tailwindcss_oxide::scanner: Discovering "C:\\Users\\Admin\\Documents\\astd-value-list\\src\\app\\components\\ui\\menubar.tsx"
2026-08-28T09:28:58.037760Z  INFO scan_sources: tailwindcss_oxide::scanner: Discovering "C:\\Users\\Admin\\Documents\\astd-value-list\\src\\app\\components\\ui\\navigation-menu.tsx"
2026-08-28T09:28:58.037918Z  INFO scan_sources: tailwindcss_oxide::scanner: Discovering "C:\\Users\\Admin\\Documents\\astd-value-list\\src\\app\\components\\ui\\pagination.tsx"
2026-08-28T09:28:58.038050Z  INFO scan_sources: tailwindcss_oxide::scanner: Discovering "C:\\Users\\Admin\\Documents\\astd-value-list\\src\\app\\components\\ui\\popover.tsx"
2026-08-28T09:28:58.038155Z  INFO scan_sources: tailwindcss_oxide::scanner: Discovering "C:\\Users\\Admin\\Documents\\astd-value-list\\src\\app\\components\\ui\\progress.tsx"
2026-08-28T09:28:58.038252Z  INFO scan_sources: tailwindcss_oxide::scanner: Discovering "C:\\Users\\Admin\\Documents\\astd-value-list\\src\\app\\components\\ui\\radio-group.tsx"
2026-08-28T09:28:58.038346Z  INFO scan_sources: tailwindcss_oxide::scanner: Discovering "C:\\Users\\Admin\\Documents\\astd-value-list\\src\\app\\components\\ui\\resizable.tsx"
2026-08-28T09:28:58.038949Z  INFO scan_sources: tailwindcss_oxide::scanner: Discovering "C:\\Users\\Admin\\Documents\\astd-value-list\\src\\app\\components\\ui\\scroll-area.tsx"
2026-08-28T09:28:58.039176Z  INFO scan_sources: tailwindcss_oxide::scanner: Discovering "C:\\Users\\Admin\\Documents\\astd-value-list\\src\\app\\components\\ui\\select.tsx"
2026-08-28T09:28:58.039302Z  INFO scan_sources: tailwindcss_oxide::scanner: Discovering "C:\\Users\\Admin\\Documents\\astd-value-list\\src\\app\\components\\ui\\separator.tsx"
2026-08-28T09:28:58.039508Z  INFO scan_sources: tailwindcss_oxide::scanner: Discovering "C:\\Users\\Admin\\Documents\\astd-value-list\\src\\app\\components\\ui\\sheet.tsx"
2026-08-28T09:28:58.039658Z  INFO scan_sources: tailwindcss_oxide::scanner: Discovering "C:\\Users\\Admin\\Documents\\astd-value-list\\src\\app\\components\\ui\\sidebar.tsx"
2026-08-28T09:28:58.039772Z  INFO scan_sources: tailwindcss_oxide::scanner: Discovering "C:\\Users\\Admin\\Documents\\astd-value-list\\src\\app\\components\\ui\\skeleton.tsx"
2026-08-28T09:28:58.039871Z  INFO scan_sources: tailwindcss_oxide::scanner: Discovering "C:\\Users\\Admin\\Documents\\astd-value-list\\src\\app\\components\\ui\\slider.tsx"
2026-08-28T09:28:58.040030Z  INFO scan_sources: tailwindcss_oxide::scanner: Discovering "C:\\Users\\Admin\\Documents\\astd-value-list\\src\\app\\components\\ui\\switch.tsx"
2026-08-28T09:28:58.040255Z  INFO scan_sources: tailwindcss_oxide::scanner: Discovering "C:\\Users\\Admin\\Documents\\astd-value-list\\src\\app\\components\\ui\\table.tsx"
2026-08-28T09:28:58.040406Z  INFO scan_sources: tailwindcss_oxide::scanner: Discovering "C:\\Users\\Admin\\Documents\\astd-value-list\\src\\app\\components\\ui\\tabs.tsx"
2026-08-28T09:28:58.040577Z  INFO scan_sources: tailwindcss_oxide::scanner: Discovering "C:\\Users\\Admin\\Documents\\astd-value-list\\src\\app\\components\\ui\\textarea.tsx"
2026-08-28T09:28:58.040685Z  INFO scan_sources: tailwindcss_oxide::scanner: Discovering "C:\\Users\\Admin\\Documents\\astd-value-list\\src\\app\\components\\ui\\toggle-group.tsx"
2026-08-28T09:28:58.040788Z  INFO scan_sources: tailwindcss_oxide::scanner: Discovering "C:\\Users\\Admin\\Documents\\astd-value-list\\src\\app\\components\\ui\\toggle.tsx"
2026-08-28T09:28:58.040887Z  INFO scan_sources: tailwindcss_oxide::scanner: Discovering "C:\\Users\\Admin\\Documents\\astd-value-list\\src\\app\\components\\ui\\tooltip.tsx"
2026-08-28T09:28:58.040984Z  INFO scan_sources: tailwindcss_oxide::scanner: Discovering "C:\\Users\\Admin\\Documents\\astd-value-list\\src\\app\\components\\ui\\use-mobile.ts"
2026-08-28T09:28:58.041079Z  INFO scan_sources: tailwindcss_oxide::scanner: Discovering "C:\\Users\\Admin\\Documents\\astd-value-list\\src\\app\\components\\ui\\utils.ts"
2026-08-28T09:28:58.041358Z  INFO scan_sources: tailwindcss_oxide::scanner: Discovering "C:\\Users\\Admin\\Documents\\astd-value-list\\src\\context"
2026-08-28T09:28:58.042324Z  INFO scan_sources: tailwindcss_oxide::scanner: Discovering "C:\\Users\\Admin\\Documents\\astd-value-list\\src\\context\\UnitContext.tsx"
2026-08-28T09:28:58.042642Z  INFO scan_sources: tailwindcss_oxide::scanner: Discovering "C:\\Users\\Admin\\Documents\\astd-value-list\\src\\data"
2026-08-28T09:28:58.042995Z  INFO scan_sources: tailwindcss_oxide::scanner: Discovering "C:\\Users\\Admin\\Documents\\astd-value-list\\src\\data\\config.ts"
2026-08-28T09:28:58.043170Z  INFO scan_sources: tailwindcss_oxide::scanner: Discovering "C:\\Users\\Admin\\Documents\\astd-value-list\\src\\data\\helpers.ts"
2026-08-28T09:28:58.043274Z  INFO scan_sources: tailwindcss_oxide::scanner: Discovering "C:\\Users\\Admin\\Documents\\astd-value-list\\src\\data\\images.ts"
2026-08-28T09:28:58.043372Z  INFO scan_sources: tailwindcss_oxide::scanner: Discovering "C:\\Users\\Admin\\Documents\\astd-value-list\\src\\data\\index.ts"
2026-08-28T09:28:58.043487Z  INFO scan_sources: tailwindcss_oxide::scanner: Discovering "C:\\Users\\Admin\\Documents\\astd-value-list\\src\\data\\units.ts"
2026-08-28T09:28:58.043626Z  INFO scan_sources: tailwindcss_oxide::scanner: Discovering "C:\\Users\\Admin\\Documents\\astd-value-list\\src\\main.tsx"
2026-08-28T09:28:58.043862Z  INFO scan_sources: tailwindcss_oxide::scanner: Discovering "C:\\Users\\Admin\\Documents\\astd-value-list\\src\\styles"
2026-08-28T09:28:58.044546Z  INFO scan_sources: tailwindcss_oxide::scanner: Discovering "C:\\Users\\Admin\\Documents\\astd-value-list\\src\\types.ts"
2026-08-28T09:28:58.044656Z  INFO scan_sources: tailwindcss_oxide::scanner: Discovering "C:\\Users\\Admin\\Documents\\astd-value-list\\src\\vite-env.d.ts"
2026-08-28T09:28:58.045282Z  INFO scan_sources: tailwindcss_oxide::scanner: Discovering "C:\\Users\\Admin\\Documents\\astd-value-list\\src\\app"
2026-08-28T09:28:58.045667Z  INFO scan_sources: tailwindcss_oxide::scanner: Discovering "C:\\Users\\Admin\\Documents\\astd-value-list\\src\\app\\components"
2026-08-28T09:28:58.046027Z  INFO scan_sources: tailwindcss_oxide::scanner: Discovering "C:\\Users\\Admin\\Documents\\astd-value-list\\src\\app\\components\\figma"
2026-08-28T09:28:58.047263Z  INFO scan_sources: tailwindcss_oxide::scanner: Discovering "C:\\Users\\Admin\\Documents\\astd-value-list\\src\\app\\components\\MainCanvas"
2026-08-28T09:28:58.048081Z  INFO scan_sources: tailwindcss_oxide::scanner: Discovering "C:\\Users\\Admin\\Documents\\astd-value-list\\src\\app\\components\\TradeAnalyzer"
2026-08-28T09:28:58.048818Z  INFO scan_sources: tailwindcss_oxide::scanner: Discovering "C:\\Users\\Admin\\Documents\\astd-value-list\\src\\app\\components\\ui"
2026-08-28T09:28:58.051571Z  INFO scan_sources: tailwindcss_oxide::scanner: Discovering "C:\\Users\\Admin\\Documents\\astd-value-list\\src\\context"
2026-08-28T09:28:58.052209Z  INFO scan_sources: tailwindcss_oxide::scanner: Discovering "C:\\Users\\Admin\\Documents\\astd-value-list\\src\\data"
2026-08-28T09:28:58.052870Z  INFO scan_sources: tailwindcss_oxide::scanner: Discovering "C:\\Users\\Admin\\Documents\\astd-value-list\\src\\styles"
2026-08-28T09:28:58.053557Z  INFO scan_sources: tailwindcss_oxide::scanner: exit
2026-08-28T09:28:58.053573Z  INFO extract_candidates: tailwindcss_oxide::scanner: enter
2026-08-28T09:28:58.053583Z  INFO extract_candidates:read_all_files: tailwindcss_oxide::scanner: enter
2026-08-28T09:28:58.053588Z  INFO extract_candidates:read_all_files: tailwindcss_oxide::scanner: Reading 74 file(s)
2026-08-28T09:28:58.053921Z  INFO tailwindcss_oxide::scanner: Reading "C:\\Users\\Admin\\Documents\\astd-value-list\\src\\app\\App.tsx"
2026-08-28T09:28:58.054566Z  INFO tailwindcss_oxide::scanner: Reading "C:\\Users\\Admin\\Documents\\astd-value-list\\src\\app\\components\\ExtraNoticesChannel.tsx"
2026-08-28T09:28:58.054670Z  INFO tailwindcss_oxide::scanner: Reading "C:\\Users\\Admin\\Documents\\astd-value-list\\src\\app\\components\\ui\\slider.tsx"
2026-08-28T09:28:58.054644Z  INFO tailwindcss_oxide::scanner: Reading "C:\\Users\\Admin\\Documents\\astd-value-list\\src\\app\\components\\ui\\utils.ts"
2026-08-28T09:28:58.054815Z  INFO tailwindcss_oxide::scanner: Reading "C:\\Users\\Admin\\Documents\\astd-value-list\\src\\context\\UnitContext.tsx"
2026-08-28T09:28:58.054897Z  INFO tailwindcss_oxide::scanner: Reading "C:\\Users\\Admin\\Documents\\astd-value-list\\src\\data\\config.ts"
2026-08-28T09:28:58.054974Z  INFO tailwindcss_oxide::scanner: Reading "C:\\Users\\Admin\\Documents\\astd-value-list\\src\\data\\helpers.ts"
2026-08-28T09:28:58.055079Z  INFO tailwindcss_oxide::scanner: Reading "C:\\Users\\Admin\\Documents\\astd-value-list\\src\\data\\images.ts"
2026-08-28T09:28:58.055184Z  INFO tailwindcss_oxide::scanner: Reading "C:\\Users\\Admin\\Documents\\astd-value-list\\src\\app\\components\\ui\\switch.tsx"
2026-08-28T09:28:58.055597Z  INFO tailwindcss_oxide::scanner: Reading "C:\\Users\\Admin\\Documents\\astd-value-list\\src\\app\\components\\figma\\ImageWithFallback.tsx"
2026-08-28T09:28:58.055642Z  INFO tailwindcss_oxide::scanner: Reading "C:\\Users\\Admin\\Documents\\astd-value-list\\src\\app\\components\\ui\\table.tsx"
2026-08-28T09:28:58.055706Z  INFO tailwindcss_oxide::scanner: Reading "C:\\Users\\Admin\\Documents\\astd-value-list\\src\\data\\index.ts"
2026-08-28T09:28:58.055807Z  INFO tailwindcss_oxide::scanner: Reading "C:\\Users\\Admin\\Documents\\astd-value-list\\src\\data\\units.ts"
2026-08-28T09:28:58.055928Z  INFO tailwindcss_oxide::scanner: Reading "C:\\Users\\Admin\\Documents\\astd-value-list\\src\\main.tsx"
2026-08-28T09:28:58.056003Z  INFO tailwindcss_oxide::scanner: Reading "C:\\Users\\Admin\\Documents\\astd-value-list\\src\\types.ts"
2026-08-28T09:28:58.056061Z  INFO tailwindcss_oxide::scanner: Reading "C:\\Users\\Admin\\Documents\\astd-value-list\\src\\app\\components\\ui\\tabs.tsx"
2026-08-28T09:28:58.056939Z  INFO tailwindcss_oxide::scanner: Reading "C:\\Users\\Admin\\Documents\\astd-value-list\\src\\app\\components\\HomeChannel.tsx"
2026-08-28T09:28:58.057278Z  INFO tailwindcss_oxide::scanner: Reading "C:\\Users\\Admin\\Documents\\astd-value-list\\src\\vite-env.d.ts"
2026-08-28T09:28:58.057416Z  INFO tailwindcss_oxide::scanner: Reading "C:\\Users\\Admin\\Documents\\astd-value-list\\src\\app\\components\\ui\\textarea.tsx"
2026-08-28T09:28:58.057866Z  INFO tailwindcss_oxide::scanner: Reading "C:\\Users\\Admin\\Documents\\astd-value-list\\src\\app\\components\\MainCanvas\\CustomDropdown.tsx"
2026-08-28T09:28:58.057893Z  INFO tailwindcss_oxide::scanner: Reading "C:\\Users\\Admin\\Documents\\astd-value-list\\src\\app\\components\\ui\\progress.tsx"
2026-08-28T09:28:58.057975Z  INFO tailwindcss_oxide::scanner: Reading "C:\\Users\\Admin\\Documents\\astd-value-list\\src\\app\\components\\ui\\toggle-group.tsx"
2026-08-28T09:28:58.061089Z  INFO tailwindcss_oxide::scanner: Reading "C:\\Users\\Admin\\Documents\\astd-value-list\\src\\app\\components\\MainCanvas\\index.tsx"
2026-08-28T09:28:58.061409Z  INFO tailwindcss_oxide::scanner: Reading "C:\\Users\\Admin\\Documents\\astd-value-list\\src\\app\\components\\ui\\toggle.tsx"
2026-08-28T09:28:58.061627Z  INFO tailwindcss_oxide::scanner: Reading "C:\\Users\\Admin\\Documents\\astd-value-list\\src\\app\\components\\ui\\radio-group.tsx"
2026-08-28T09:28:58.061633Z  INFO tailwindcss_oxide::scanner: Reading "C:\\Users\\Admin\\Documents\\astd-value-list\\src\\app\\components\\MainCanvas\\LazyRender.tsx"
2026-08-28T09:28:58.061874Z  INFO tailwindcss_oxide::scanner: Reading "C:\\Users\\Admin\\Documents\\astd-value-list\\src\\app\\components\\ui\\tooltip.tsx"
2026-08-28T09:28:58.062085Z  INFO tailwindcss_oxide::scanner: Reading "C:\\Users\\Admin\\Documents\\astd-value-list\\src\\app\\components\\ui\\resizable.tsx"
2026-08-28T09:28:58.062159Z  INFO tailwindcss_oxide::scanner: Reading "C:\\Users\\Admin\\Documents\\astd-value-list\\src\\app\\components\\MainCanvas\\TierSections.tsx"
2026-08-28T09:28:58.062378Z  INFO tailwindcss_oxide::scanner: Reading "C:\\Users\\Admin\\Documents\\astd-value-list\\src\\app\\components\\ui\\use-mobile.ts"
2026-08-28T09:28:58.062749Z  INFO tailwindcss_oxide::scanner: Reading "C:\\Users\\Admin\\Documents\\astd-value-list\\src\\app\\components\\MainCanvas\\UnitGrid.tsx"
2026-08-28T09:28:58.062896Z  INFO tailwindcss_oxide::scanner: Reading "C:\\Users\\Admin\\Documents\\astd-value-list\\src\\app\\components\\ui\\scroll-area.tsx"
2026-08-28T09:28:58.063240Z  INFO tailwindcss_oxide::scanner: Reading "C:\\Users\\Admin\\Documents\\astd-value-list\\src\\app\\components\\ui\\select.tsx"
2026-08-28T09:28:58.063316Z  INFO tailwindcss_oxide::scanner: Reading "C:\\Users\\Admin\\Documents\\astd-value-list\\src\\app\\components\\MainCanvas\\UnitListTable.tsx"
2026-08-28T09:28:58.063600Z  INFO tailwindcss_oxide::scanner: Reading "C:\\Users\\Admin\\Documents\\astd-value-list\\src\\app\\components\\ui\\label.tsx"
2026-08-28T09:28:58.063702Z  INFO tailwindcss_oxide::scanner: Reading "C:\\Users\\Admin\\Documents\\astd-value-list\\src\\app\\components\\ui\\separator.tsx"
2026-08-28T09:28:58.063833Z  INFO tailwindcss_oxide::scanner: Reading "C:\\Users\\Admin\\Documents\\astd-value-list\\src\\app\\components\\Sidebar.tsx"
2026-08-28T09:28:58.064182Z  INFO tailwindcss_oxide::scanner: Reading "C:\\Users\\Admin\\Documents\\astd-value-list\\src\\app\\components\\ui\\menubar.tsx"
2026-08-28T09:28:58.064444Z  INFO tailwindcss_oxide::scanner: Reading "C:\\Users\\Admin\\Documents\\astd-value-list\\src\\app\\components\\TradeAnalyzer\\ActiveCardRow.tsx"
2026-08-28T09:28:58.064570Z  INFO tailwindcss_oxide::scanner: Reading "C:\\Users\\Admin\\Documents\\astd-value-list\\src\\app\\components\\ui\\sheet.tsx"
2026-08-28T09:28:58.064867Z  INFO tailwindcss_oxide::scanner: Reading "C:\\Users\\Admin\\Documents\\astd-value-list\\src\\app\\components\\ui\\navigation-menu.tsx"
2026-08-28T09:28:58.065120Z  INFO tailwindcss_oxide::scanner: Reading "C:\\Users\\Admin\\Documents\\astd-value-list\\src\\app\\components\\ui\\sidebar.tsx"
2026-08-28T09:28:58.065312Z  INFO tailwindcss_oxide::scanner: Reading "C:\\Users\\Admin\\Documents\\astd-value-list\\src\\app\\components\\TradeAnalyzer\\index.tsx"
2026-08-28T09:28:58.065570Z  INFO tailwindcss_oxide::scanner: Reading "C:\\Users\\Admin\\Documents\\astd-value-list\\src\\app\\components\\ui\\pagination.tsx"
2026-08-28T09:28:58.065672Z  INFO tailwindcss_oxide::scanner: Reading "C:\\Users\\Admin\\Documents\\astd-value-list\\src\\app\\components\\ui\\skeleton.tsx"
2026-08-28T09:28:58.065898Z  INFO tailwindcss_oxide::scanner: Reading "C:\\Users\\Admin\\Documents\\astd-value-list\\src\\app\\components\\TradeAnalyzer\\smartParser.ts"
2026-08-28T09:28:58.066104Z  INFO tailwindcss_oxide::scanner: Reading "C:\\Users\\Admin\\Documents\\astd-value-list\\src\\app\\components\\ui\\popover.tsx"
2026-08-28T09:28:58.066328Z  INFO tailwindcss_oxide::scanner: Reading "C:\\Users\\Admin\\Documents\\astd-value-list\\src\\app\\components\\ui\\input-otp.tsx"
2026-08-28T09:28:58.067053Z  INFO tailwindcss_oxide::scanner: Reading "C:\\Users\\Admin\\Documents\\astd-value-list\\src\\app\\components\\TradeAnalyzer\\summaryUtils.tsx"
2026-08-28T09:28:58.067172Z  INFO tailwindcss_oxide::scanner: Reading "C:\\Users\\Admin\\Documents\\astd-value-list\\src\\app\\components\\ui\\input.tsx"
2026-08-28T09:28:58.067494Z  INFO tailwindcss_oxide::scanner: Reading "C:\\Users\\Admin\\Documents\\astd-value-list\\src\\app\\components\\ui\\accordion.tsx"
2026-08-28T09:28:58.067514Z  INFO tailwindcss_oxide::scanner: Reading "C:\\Users\\Admin\\Documents\\astd-value-list\\src\\app\\components\\TradeAnalyzer\\TradeNotices.tsx"
2026-08-28T09:28:58.067633Z  INFO tailwindcss_oxide::scanner: Reading "C:\\Users\\Admin\\Documents\\astd-value-list\\src\\app\\components\\ui\\card.tsx"
2026-08-28T09:28:58.067940Z  INFO tailwindcss_oxide::scanner: Reading "C:\\Users\\Admin\\Documents\\astd-value-list\\src\\app\\components\\ui\\alert-dialog.tsx"
2026-08-28T09:28:58.067970Z  INFO tailwindcss_oxide::scanner: Reading "C:\\Users\\Admin\\Documents\\astd-value-list\\src\\app\\components\\TradeAnalyzer\\TradeSectionPanel.tsx"
2026-08-28T09:28:58.068045Z  INFO tailwindcss_oxide::scanner: Reading "C:\\Users\\Admin\\Documents\\astd-value-list\\src\\app\\components\\ui\\carousel.tsx"
2026-08-28T09:28:58.068474Z  INFO tailwindcss_oxide::scanner: Reading "C:\\Users\\Admin\\Documents\\astd-value-list\\src\\app\\components\\ui\\alert.tsx"
2026-08-28T09:28:58.068502Z  INFO tailwindcss_oxide::scanner: Reading "C:\\Users\\Admin\\Documents\\astd-value-list\\src\\app\\components\\ui\\chart.tsx"
2026-08-28T09:28:58.068505Z  INFO tailwindcss_oxide::scanner: Reading "C:\\Users\\Admin\\Documents\\astd-value-list\\src\\app\\components\\TutorialChannel.tsx"
2026-08-28T09:28:58.068965Z  INFO tailwindcss_oxide::scanner: Reading "C:\\Users\\Admin\\Documents\\astd-value-list\\src\\app\\components\\ui\\aspect-ratio.tsx"
2026-08-28T09:28:58.068988Z  INFO tailwindcss_oxide::scanner: Reading "C:\\Users\\Admin\\Documents\\astd-value-list\\src\\app\\components\\ui\\checkbox.tsx"
2026-08-28T09:28:58.069017Z  INFO tailwindcss_oxide::scanner: Reading "C:\\Users\\Admin\\Documents\\astd-value-list\\src\\app\\components\\ui\\command.tsx"
2026-08-28T09:28:58.069496Z  INFO tailwindcss_oxide::scanner: Reading "C:\\Users\\Admin\\Documents\\astd-value-list\\src\\app\\components\\ui\\collapsible.tsx"
2026-08-28T09:28:58.069502Z  INFO tailwindcss_oxide::scanner: Reading "C:\\Users\\Admin\\Documents\\astd-value-list\\src\\app\\components\\ui\\avatar.tsx"
2026-08-28T09:28:58.069498Z  INFO tailwindcss_oxide::scanner: Reading "C:\\Users\\Admin\\Documents\\astd-value-list\\src\\app\\components\\ui\\context-menu.tsx"
2026-08-28T09:28:58.069986Z  INFO tailwindcss_oxide::scanner: Reading "C:\\Users\\Admin\\Documents\\astd-value-list\\src\\app\\components\\ui\\badge.tsx"
2026-08-28T09:28:58.069986Z  INFO tailwindcss_oxide::scanner: Reading "C:\\Users\\Admin\\Documents\\astd-value-list\\src\\app\\components\\ui\\drawer.tsx"
2026-08-28T09:28:58.070465Z  INFO tailwindcss_oxide::scanner: Reading "C:\\Users\\Admin\\Documents\\astd-value-list\\src\\app\\components\\ui\\breadcrumb.tsx"
2026-08-28T09:28:58.070469Z  INFO tailwindcss_oxide::scanner: Reading "C:\\Users\\Admin\\Documents\\astd-value-list\\src\\app\\components\\ui\\dropdown-menu.tsx"
2026-08-28T09:28:58.071155Z  INFO tailwindcss_oxide::scanner: Reading "C:\\Users\\Admin\\Documents\\astd-value-list\\src\\app\\components\\ui\\button.tsx"
2026-08-28T09:28:58.071432Z  INFO tailwindcss_oxide::scanner: Reading "C:\\Users\\Admin\\Documents\\astd-value-list\\src\\app\\components\\ui\\dialog.tsx"
2026-08-28T09:28:58.071514Z  INFO tailwindcss_oxide::scanner: Reading "C:\\Users\\Admin\\Documents\\astd-value-list\\src\\app\\components\\ui\\form.tsx"
2026-08-28T09:28:58.071683Z  INFO tailwindcss_oxide::scanner: Reading "C:\\Users\\Admin\\Documents\\astd-value-list\\src\\app\\components\\ui\\calendar.tsx"
2026-08-28T09:28:58.072025Z  INFO tailwindcss_oxide::scanner: Reading "C:\\Users\\Admin\\Documents\\astd-value-list\\src\\app\\components\\ui\\hover-card.tsx"
2026-08-28T09:28:58.072080Z  INFO extract_candidates:read_all_files: tailwindcss_oxide::scanner: exit
2026-08-28T09:28:58.072097Z  INFO extract_candidates:parse_all_blobs: tailwindcss_oxide::scanner: enter
2026-08-28T09:28:58.072106Z  INFO extract_candidates:parse_all_blobs:extract: tailwindcss_oxide::scanner: enter
2026-08-28T09:28:58.086452Z  INFO extract_candidates:parse_all_blobs:extract: tailwindcss_oxide::scanner: exit
2026-08-28T09:28:58.086577Z  INFO extract_candidates:parse_all_blobs: tailwindcss_oxide::scanner: exit
2026-08-28T09:28:58.087090Z  INFO extract_candidates: tailwindcss_oxide::scanner: exit
2026-08-28T09:28:58.089659Z  INFO get_files: tailwindcss_oxide::scanner: enter
2026-08-28T09:28:58.089690Z  INFO get_files:scan_sources: tailwindcss_oxide::scanner: enter
2026-08-28T09:28:58.091090Z  INFO get_files:scan_sources: tailwindcss_oxide::scanner: Discovering "C:\\Users\\Admin\\Documents\\astd-value-list\\src\\app"
2026-08-28T09:28:58.093669Z  INFO get_files:scan_sources: tailwindcss_oxide::scanner: Discovering "C:\\Users\\Admin\\Documents\\astd-value-list\\src\\app\\components"
2026-08-28T09:28:58.094079Z  INFO get_files:scan_sources: tailwindcss_oxide::scanner: Discovering "C:\\Users\\Admin\\Documents\\astd-value-list\\src\\app\\components\\figma"
2026-08-28T09:28:58.094531Z  INFO get_files:scan_sources: tailwindcss_oxide::scanner: Discovering "C:\\Users\\Admin\\Documents\\astd-value-list\\src\\app\\components\\MainCanvas"
2026-08-28T09:28:58.095225Z  INFO get_files:scan_sources: tailwindcss_oxide::scanner: Discovering "C:\\Users\\Admin\\Documents\\astd-value-list\\src\\app\\components\\TradeAnalyzer"
2026-08-28T09:28:58.095954Z  INFO get_files:scan_sources: tailwindcss_oxide::scanner: Discovering "C:\\Users\\Admin\\Documents\\astd-value-list\\src\\app\\components\\ui"
2026-08-28T09:28:58.099827Z  INFO get_files:scan_sources: tailwindcss_oxide::scanner: Discovering "C:\\Users\\Admin\\Documents\\astd-value-list\\src\\context"
2026-08-28T09:28:58.100190Z  INFO get_files:scan_sources: tailwindcss_oxide::scanner: Discovering "C:\\Users\\Admin\\Documents\\astd-value-list\\src\\data"
2026-08-28T09:28:58.101144Z  INFO get_files:scan_sources: tailwindcss_oxide::scanner: Discovering "C:\\Users\\Admin\\Documents\\astd-value-list\\src\\styles"
2026-08-28T09:28:58.103112Z  INFO get_files:scan_sources: tailwindcss_oxide::scanner: Discovering "C:\\Users\\Admin\\Documents\\astd-value-list\\src\\app"
2026-08-28T09:28:58.103516Z  INFO get_files:scan_sources: tailwindcss_oxide::scanner: Discovering "C:\\Users\\Admin\\Documents\\astd-value-list\\src\\app\\components"
2026-08-28T09:28:58.103910Z  INFO get_files:scan_sources: tailwindcss_oxide::scanner: Discovering "C:\\Users\\Admin\\Documents\\astd-value-list\\src\\app\\components\\figma"
2026-08-28T09:28:58.104447Z  INFO get_files:scan_sources: tailwindcss_oxide::scanner: Discovering "C:\\Users\\Admin\\Documents\\astd-value-list\\src\\app\\components\\MainCanvas"
2026-08-28T09:28:58.105479Z  INFO get_files:scan_sources: tailwindcss_oxide::scanner: Discovering "C:\\Users\\Admin\\Documents\\astd-value-list\\src\\app\\components\\TradeAnalyzer"
2026-08-28T09:28:58.106179Z  INFO get_files:scan_sources: tailwindcss_oxide::scanner: Discovering "C:\\Users\\Admin\\Documents\\astd-value-list\\src\\app\\components\\ui"
2026-08-28T09:28:58.112934Z  INFO get_files:scan_sources: tailwindcss_oxide::scanner: Discovering "C:\\Users\\Admin\\Documents\\astd-value-list\\src\\context"
2026-08-28T09:28:58.115483Z  INFO get_files:scan_sources: tailwindcss_oxide::scanner: Discovering "C:\\Users\\Admin\\Documents\\astd-value-list\\src\\data"
2026-08-28T09:28:58.116448Z  INFO get_files:scan_sources: tailwindcss_oxide::scanner: Discovering "C:\\Users\\Admin\\Documents\\astd-value-list\\src\\styles"
2026-08-28T09:28:58.117139Z  INFO get_files:scan_sources: tailwindcss_oxide::scanner: exit
2026-08-28T09:28:58.117245Z  INFO get_files: tailwindcss_oxide::scanner: exit
2026-08-28T09:28:58.252062Z  INFO get_globs: tailwindcss_oxide::scanner: enter
2026-08-28T09:28:58.252085Z  INFO get_globs:scan_sources: tailwindcss_oxide::scanner: enter
2026-08-28T09:28:58.253482Z  INFO get_globs:scan_sources: tailwindcss_oxide::scanner: Discovering "C:\\Users\\Admin\\Documents\\astd-value-list\\src\\app"
2026-08-28T09:28:58.253840Z  INFO get_globs:scan_sources: tailwindcss_oxide::scanner: Discovering "C:\\Users\\Admin\\Documents\\astd-value-list\\src\\app\\components"
2026-08-28T09:28:58.254350Z  INFO get_globs:scan_sources: tailwindcss_oxide::scanner: Discovering "C:\\Users\\Admin\\Documents\\astd-value-list\\src\\app\\components\\figma"
2026-08-28T09:28:58.254782Z  INFO get_globs:scan_sources: tailwindcss_oxide::scanner: Discovering "C:\\Users\\Admin\\Documents\\astd-value-list\\src\\app\\components\\MainCanvas"
2026-08-28T09:28:58.255542Z  INFO get_globs:scan_sources: tailwindcss_oxide::scanner: Discovering "C:\\Users\\Admin\\Documents\\astd-value-list\\src\\app\\components\\TradeAnalyzer"
2026-08-28T09:28:58.256925Z  INFO get_globs:scan_sources: tailwindcss_oxide::scanner: Discovering "C:\\Users\\Admin\\Documents\\astd-value-list\\src\\app\\components\\ui"
2026-08-28T09:28:58.263723Z  INFO get_globs:scan_sources: tailwindcss_oxide::scanner: Discovering "C:\\Users\\Admin\\Documents\\astd-value-list\\src\\context"
2026-08-28T09:28:58.264138Z  INFO get_globs:scan_sources: tailwindcss_oxide::scanner: Discovering "C:\\Users\\Admin\\Documents\\astd-value-list\\src\\data"
2026-08-28T09:28:58.264710Z  INFO get_globs:scan_sources: tailwindcss_oxide::scanner: Discovering "C:\\Users\\Admin\\Documents\\astd-value-list\\src\\styles"
2026-08-28T09:28:58.273005Z  INFO get_globs:scan_sources: tailwindcss_oxide::scanner: Discovering "C:\\Users\\Admin\\Documents\\astd-value-list\\src\\app"
2026-08-28T09:28:58.273543Z  INFO get_globs:scan_sources: tailwindcss_oxide::scanner: Discovering "C:\\Users\\Admin\\Documents\\astd-value-list\\src\\app\\components"
2026-08-28T09:28:58.274004Z  INFO get_globs:scan_sources: tailwindcss_oxide::scanner: Discovering "C:\\Users\\Admin\\Documents\\astd-value-list\\src\\app\\components\\figma"
2026-08-28T09:28:58.274609Z  INFO get_globs:scan_sources: tailwindcss_oxide::scanner: Discovering "C:\\Users\\Admin\\Documents\\astd-value-list\\src\\app\\components\\MainCanvas"
2026-08-28T09:28:58.279458Z  INFO get_globs:scan_sources: tailwindcss_oxide::scanner: Discovering "C:\\Users\\Admin\\Documents\\astd-value-list\\src\\app\\components\\TradeAnalyzer"
2026-08-28T09:28:58.280565Z  INFO get_globs:scan_sources: tailwindcss_oxide::scanner: Discovering "C:\\Users\\Admin\\Documents\\astd-value-list\\src\\app\\components\\ui"
2026-08-28T09:28:58.289261Z  INFO get_globs:scan_sources: tailwindcss_oxide::scanner: Discovering "C:\\Users\\Admin\\Documents\\astd-value-list\\src\\context"
2026-08-28T09:28:58.289952Z  INFO get_globs:scan_sources: tailwindcss_oxide::scanner: Discovering "C:\\Users\\Admin\\Documents\\astd-value-list\\src\\data"
2026-08-28T09:28:58.290714Z  INFO get_globs:scan_sources: tailwindcss_oxide::scanner: Discovering "C:\\Users\\Admin\\Documents\\astd-value-list\\src\\styles"
2026-08-28T09:28:58.293299Z  INFO get_globs:scan_sources: tailwindcss_oxide::scanner: exit
2026-08-28T09:28:58.293937Z  INFO get_globs: tailwindcss_oxide::scanner: exit
