2026-08-28T09:20:07.571012Z  INFO tailwindcss_oxide::scanner: Provided sources:
2026-08-28T09:20:07.572289Z  INFO tailwindcss_oxide::scanner: Source: PublicSourceEntry { base: "C:/Users/Admin/Documents/high fid", pattern: "**/*", negated: false }
2026-08-28T09:20:07.572936Z  INFO tailwindcss_oxide::scanner: Optimized sources:
2026-08-28T09:20:07.572972Z  INFO tailwindcss_oxide::scanner: Source: Auto { base: "C:\\Users\\Admin\\Documents\\high fid" }
2026-08-28T09:20:08.570725Z  INFO tailwindcss_oxide::scanner: Provided sources:
2026-08-28T09:20:08.570758Z  INFO tailwindcss_oxide::scanner: Source: PublicSourceEntry { base: "C:/Users/Admin/Documents/high fid", pattern: "**/*", negated: false }
2026-08-28T09:20:08.570993Z  INFO tailwindcss_oxide::scanner: Optimized sources:
2026-08-28T09:20:08.571003Z  INFO tailwindcss_oxide::scanner: Source: Auto { base: "C:\\Users\\Admin\\Documents\\high fid" }
2026-08-28T09:20:11.400097Z  INFO tailwindcss_oxide::scanner: Provided sources:
2026-08-28T09:20:11.400113Z  INFO tailwindcss_oxide::scanner: Source: PublicSourceEntry { base: "C:/Users/Admin/Documents/high fid", pattern: "**/*", negated: false }
2026-08-28T09:20:11.400373Z  INFO tailwindcss_oxide::scanner: Optimized sources:
2026-08-28T09:20:11.400387Z  INFO tailwindcss_oxide::scanner: Source: Auto { base: "C:\\Users\\Admin\\Documents\\high fid" }
2026-08-28T09:20:11.499404Z  INFO tailwindcss_oxide::scanner: Provided sources:
2026-08-28T09:20:11.499417Z  INFO tailwindcss_oxide::scanner: Source: PublicSourceEntry { base: "C:\\Users\\Admin\\Documents\\high fid\\src\\styles", pattern: "../**/*.{js,ts,jsx,tsx}", negated: false }
2026-08-28T09:20:11.500184Z  INFO tailwindcss_oxide::scanner: Optimized sources:
2026-08-28T09:20:11.500194Z  INFO tailwindcss_oxide::scanner: Source: Pattern { base: "C:\\Users\\Admin\\Documents\\high fid\\src", pattern: "**/*.js" }
2026-08-28T09:20:11.501215Z  INFO tailwindcss_oxide::scanner: Source: Pattern { base: "C:\\Users\\Admin\\Documents\\high fid\\src", pattern: "**/*.ts" }
2026-08-28T09:20:11.501235Z  INFO tailwindcss_oxide::scanner: Source: Pattern { base: "C:\\Users\\Admin\\Documents\\high fid\\src", pattern: "**/*.jsx" }
2026-08-28T09:20:11.501239Z  INFO tailwindcss_oxide::scanner: Source: Pattern { base: "C:\\Users\\Admin\\Documents\\high fid\\src", pattern: "**/*.tsx" }
2026-08-28T09:20:11.505334Z  INFO scan_sources: tailwindcss_oxide::scanner: enter
2026-08-28T09:20:11.515216Z  INFO scan_sources: tailwindcss_oxide::scanner: Discovering "C:\\Users\\Admin\\Documents\\high fid\\src\\app"
2026-08-28T09:20:11.515508Z  INFO scan_sources: tailwindcss_oxide::scanner: Discovering "C:\\Users\\Admin\\Documents\\high fid\\src\\app\\App.tsx"
2026-08-28T09:20:11.515688Z  INFO scan_sources: tailwindcss_oxide::scanner: Discovering "C:\\Users\\Admin\\Documents\\high fid\\src\\app\\components"
2026-08-28T09:20:11.515897Z  INFO scan_sources: tailwindcss_oxide::scanner: Discovering "C:\\Users\\Admin\\Documents\\high fid\\src\\app\\components\\ExtraNoticesChannel.tsx"
2026-08-28T09:20:11.516062Z  INFO scan_sources: tailwindcss_oxide::scanner: Discovering "C:\\Users\\Admin\\Documents\\high fid\\src\\app\\components\\figma"
2026-08-28T09:20:11.516793Z  INFO scan_sources: tailwindcss_oxide::scanner: Discovering "C:\\Users\\Admin\\Documents\\high fid\\src\\app\\components\\figma\\ImageWithFallback.tsx"
2026-08-28T09:20:11.516945Z  INFO scan_sources: tailwindcss_oxide::scanner: Discovering "C:\\Users\\Admin\\Documents\\high fid\\src\\app\\components\\HomeChannel.tsx"
2026-08-28T09:20:11.517112Z  INFO scan_sources: tailwindcss_oxide::scanner: Discovering "C:\\Users\\Admin\\Documents\\high fid\\src\\app\\components\\MainCanvas"
2026-08-28T09:20:11.517385Z  INFO scan_sources: tailwindcss_oxide::scanner: Discovering "C:\\Users\\Admin\\Documents\\high fid\\src\\app\\components\\MainCanvas\\CustomDropdown.tsx"
2026-08-28T09:20:11.517496Z  INFO scan_sources: tailwindcss_oxide::scanner: Discovering "C:\\Users\\Admin\\Documents\\high fid\\src\\app\\components\\MainCanvas\\index.tsx"
2026-08-28T09:20:11.517600Z  INFO scan_sources: tailwindcss_oxide::scanner: Discovering "C:\\Users\\Admin\\Documents\\high fid\\src\\app\\components\\MainCanvas\\LazyRender.tsx"
2026-08-28T09:20:11.517747Z  INFO scan_sources: tailwindcss_oxide::scanner: Discovering "C:\\Users\\Admin\\Documents\\high fid\\src\\app\\components\\MainCanvas\\TierSections.tsx"
2026-08-28T09:20:11.517851Z  INFO scan_sources: tailwindcss_oxide::scanner: Discovering "C:\\Users\\Admin\\Documents\\high fid\\src\\app\\components\\MainCanvas\\UnitGrid.tsx"
2026-08-28T09:20:11.517954Z  INFO scan_sources: tailwindcss_oxide::scanner: Discovering "C:\\Users\\Admin\\Documents\\high fid\\src\\app\\components\\MainCanvas\\UnitListTable.tsx"
2026-08-28T09:20:11.518085Z  INFO scan_sources: tailwindcss_oxide::scanner: Discovering "C:\\Users\\Admin\\Documents\\high fid\\src\\app\\components\\Sidebar.tsx"
2026-08-28T09:20:11.518252Z  INFO scan_sources: tailwindcss_oxide::scanner: Discovering "C:\\Users\\Admin\\Documents\\high fid\\src\\app\\components\\TradeAnalyzer"
2026-08-28T09:20:11.520085Z  INFO scan_sources: tailwindcss_oxide::scanner: Discovering "C:\\Users\\Admin\\Documents\\high fid\\src\\app\\components\\TradeAnalyzer\\ActiveCardRow.tsx"
2026-08-28T09:20:11.520209Z  INFO scan_sources: tailwindcss_oxide::scanner: Discovering "C:\\Users\\Admin\\Documents\\high fid\\src\\app\\components\\TradeAnalyzer\\index.tsx"
2026-08-28T09:20:11.520328Z  INFO scan_sources: tailwindcss_oxide::scanner: Discovering "C:\\Users\\Admin\\Documents\\high fid\\src\\app\\components\\TradeAnalyzer\\smartParser.ts"
2026-08-28T09:20:11.520436Z  INFO scan_sources: tailwindcss_oxide::scanner: Discovering "C:\\Users\\Admin\\Documents\\high fid\\src\\app\\components\\TradeAnalyzer\\summaryUtils.tsx"
2026-08-28T09:20:11.520539Z  INFO scan_sources: tailwindcss_oxide::scanner: Discovering "C:\\Users\\Admin\\Documents\\high fid\\src\\app\\components\\TradeAnalyzer\\TradeNotices.tsx"
2026-08-28T09:20:11.520642Z  INFO scan_sources: tailwindcss_oxide::scanner: Discovering "C:\\Users\\Admin\\Documents\\high fid\\src\\app\\components\\TradeAnalyzer\\TradeSectionPanel.tsx"
2026-08-28T09:20:11.520840Z  INFO scan_sources: tailwindcss_oxide::scanner: Discovering "C:\\Users\\Admin\\Documents\\high fid\\src\\app\\components\\TutorialChannel.tsx"
2026-08-28T09:20:11.521101Z  INFO scan_sources: tailwindcss_oxide::scanner: Discovering "C:\\Users\\Admin\\Documents\\high fid\\src\\app\\components\\ui"
2026-08-28T09:20:11.521404Z  INFO scan_sources: tailwindcss_oxide::scanner: Discovering "C:\\Users\\Admin\\Documents\\high fid\\src\\app\\components\\ui\\accordion.tsx"
2026-08-28T09:20:11.521522Z  INFO scan_sources: tailwindcss_oxide::scanner: Discovering "C:\\Users\\Admin\\Documents\\high fid\\src\\app\\components\\ui\\alert-dialog.tsx"
2026-08-28T09:20:11.521623Z  INFO scan_sources: tailwindcss_oxide::scanner: Discovering "C:\\Users\\Admin\\Documents\\high fid\\src\\app\\components\\ui\\alert.tsx"
2026-08-28T09:20:11.521718Z  INFO scan_sources: tailwindcss_oxide::scanner: Discovering "C:\\Users\\Admin\\Documents\\high fid\\src\\app\\components\\ui\\aspect-ratio.tsx"
2026-08-28T09:20:11.521812Z  INFO scan_sources: tailwindcss_oxide::scanner: Discovering "C:\\Users\\Admin\\Documents\\high fid\\src\\app\\components\\ui\\avatar.tsx"
2026-08-28T09:20:11.521905Z  INFO scan_sources: tailwindcss_oxide::scanner: Discovering "C:\\Users\\Admin\\Documents\\high fid\\src\\app\\components\\ui\\badge.tsx"
2026-08-28T09:20:11.521998Z  INFO scan_sources: tailwindcss_oxide::scanner: Discovering "C:\\Users\\Admin\\Documents\\high fid\\src\\app\\components\\ui\\breadcrumb.tsx"
2026-08-28T09:20:11.522090Z  INFO scan_sources: tailwindcss_oxide::scanner: Discovering "C:\\Users\\Admin\\Documents\\high fid\\src\\app\\components\\ui\\button.tsx"
2026-08-28T09:20:11.522182Z  INFO scan_sources: tailwindcss_oxide::scanner: Discovering "C:\\Users\\Admin\\Documents\\high fid\\src\\app\\components\\ui\\calendar.tsx"
2026-08-28T09:20:11.522290Z  INFO scan_sources: tailwindcss_oxide::scanner: Discovering "C:\\Users\\Admin\\Documents\\high fid\\src\\app\\components\\ui\\card.tsx"
2026-08-28T09:20:11.522484Z  INFO scan_sources: tailwindcss_oxide::scanner: Discovering "C:\\Users\\Admin\\Documents\\high fid\\src\\app\\components\\ui\\carousel.tsx"
2026-08-28T09:20:11.522633Z  INFO scan_sources: tailwindcss_oxide::scanner: Discovering "C:\\Users\\Admin\\Documents\\high fid\\src\\app\\components\\ui\\chart.tsx"
2026-08-28T09:20:11.522735Z  INFO scan_sources: tailwindcss_oxide::scanner: Discovering "C:\\Users\\Admin\\Documents\\high fid\\src\\app\\components\\ui\\checkbox.tsx"
2026-08-28T09:20:11.522836Z  INFO scan_sources: tailwindcss_oxide::scanner: Discovering "C:\\Users\\Admin\\Documents\\high fid\\src\\app\\components\\ui\\collapsible.tsx"
2026-08-28T09:20:11.522935Z  INFO scan_sources: tailwindcss_oxide::scanner: Discovering "C:\\Users\\Admin\\Documents\\high fid\\src\\app\\components\\ui\\command.tsx"
2026-08-28T09:20:11.523040Z  INFO scan_sources: tailwindcss_oxide::scanner: Discovering "C:\\Users\\Admin\\Documents\\high fid\\src\\app\\components\\ui\\context-menu.tsx"
2026-08-28T09:20:11.523138Z  INFO scan_sources: tailwindcss_oxide::scanner: Discovering "C:\\Users\\Admin\\Documents\\high fid\\src\\app\\components\\ui\\dialog.tsx"
2026-08-28T09:20:11.523236Z  INFO scan_sources: tailwindcss_oxide::scanner: Discovering "C:\\Users\\Admin\\Documents\\high fid\\src\\app\\components\\ui\\drawer.tsx"
2026-08-28T09:20:11.523351Z  INFO scan_sources: tailwindcss_oxide::scanner: Discovering "C:\\Users\\Admin\\Documents\\high fid\\src\\app\\components\\ui\\dropdown-menu.tsx"
2026-08-28T09:20:11.523449Z  INFO scan_sources: tailwindcss_oxide::scanner: Discovering "C:\\Users\\Admin\\Documents\\high fid\\src\\app\\components\\ui\\form.tsx"
2026-08-28T09:20:11.523546Z  INFO scan_sources: tailwindcss_oxide::scanner: Discovering "C:\\Users\\Admin\\Documents\\high fid\\src\\app\\components\\ui\\hover-card.tsx"
2026-08-28T09:20:11.523643Z  INFO scan_sources: tailwindcss_oxide::scanner: Discovering "C:\\Users\\Admin\\Documents\\high fid\\src\\app\\components\\ui\\input-otp.tsx"
2026-08-28T09:20:11.523738Z  INFO scan_sources: tailwindcss_oxide::scanner: Discovering "C:\\Users\\Admin\\Documents\\high fid\\src\\app\\components\\ui\\input.tsx"
2026-08-28T09:20:11.523830Z  INFO scan_sources: tailwindcss_oxide::scanner: Discovering "C:\\Users\\Admin\\Documents\\high fid\\src\\app\\components\\ui\\label.tsx"
2026-08-28T09:20:11.523923Z  INFO scan_sources: tailwindcss_oxide::scanner: Discovering "C:\\Users\\Admin\\Documents\\high fid\\src\\app\\components\\ui\\menubar.tsx"
2026-08-28T09:20:11.524018Z  INFO scan_sources: tailwindcss_oxide::scanner: Discovering "C:\\Users\\Admin\\Documents\\high fid\\src\\app\\components\\ui\\navigation-menu.tsx"
2026-08-28T09:20:11.524122Z  INFO scan_sources: tailwindcss_oxide::scanner: Discovering "C:\\Users\\Admin\\Documents\\high fid\\src\\app\\components\\ui\\pagination.tsx"
2026-08-28T09:20:11.524217Z  INFO scan_sources: tailwindcss_oxide::scanner: Discovering "C:\\Users\\Admin\\Documents\\high fid\\src\\app\\components\\ui\\popover.tsx"
2026-08-28T09:20:11.524323Z  INFO scan_sources: tailwindcss_oxide::scanner: Discovering "C:\\Users\\Admin\\Documents\\high fid\\src\\app\\components\\ui\\progress.tsx"
2026-08-28T09:20:11.524540Z  INFO scan_sources: tailwindcss_oxide::scanner: Discovering "C:\\Users\\Admin\\Documents\\high fid\\src\\app\\components\\ui\\radio-group.tsx"
2026-08-28T09:20:11.524641Z  INFO scan_sources: tailwindcss_oxide::scanner: Discovering "C:\\Users\\Admin\\Documents\\high fid\\src\\app\\components\\ui\\resizable.tsx"
2026-08-28T09:20:11.524738Z  INFO scan_sources: tailwindcss_oxide::scanner: Discovering "C:\\Users\\Admin\\Documents\\high fid\\src\\app\\components\\ui\\scroll-area.tsx"
2026-08-28T09:20:11.524835Z  INFO scan_sources: tailwindcss_oxide::scanner: Discovering "C:\\Users\\Admin\\Documents\\high fid\\src\\app\\components\\ui\\select.tsx"
2026-08-28T09:20:11.524932Z  INFO scan_sources: tailwindcss_oxide::scanner: Discovering "C:\\Users\\Admin\\Documents\\high fid\\src\\app\\components\\ui\\separator.tsx"
2026-08-28T09:20:11.525063Z  INFO scan_sources: tailwindcss_oxide::scanner: Discovering "C:\\Users\\Admin\\Documents\\high fid\\src\\app\\components\\ui\\sheet.tsx"
2026-08-28T09:20:11.525166Z  INFO scan_sources: tailwindcss_oxide::scanner: Discovering "C:\\Users\\Admin\\Documents\\high fid\\src\\app\\components\\ui\\sidebar.tsx"
2026-08-28T09:20:11.525265Z  INFO scan_sources: tailwindcss_oxide::scanner: Discovering "C:\\Users\\Admin\\Documents\\high fid\\src\\app\\components\\ui\\skeleton.tsx"
2026-08-28T09:20:11.525360Z  INFO scan_sources: tailwindcss_oxide::scanner: Discovering "C:\\Users\\Admin\\Documents\\high fid\\src\\app\\components\\ui\\slider.tsx"
2026-08-28T09:20:11.525463Z  INFO scan_sources: tailwindcss_oxide::scanner: Discovering "C:\\Users\\Admin\\Documents\\high fid\\src\\app\\components\\ui\\switch.tsx"
2026-08-28T09:20:11.525557Z  INFO scan_sources: tailwindcss_oxide::scanner: Discovering "C:\\Users\\Admin\\Documents\\high fid\\src\\app\\components\\ui\\table.tsx"
2026-08-28T09:20:11.525648Z  INFO scan_sources: tailwindcss_oxide::scanner: Discovering "C:\\Users\\Admin\\Documents\\high fid\\src\\app\\components\\ui\\tabs.tsx"
2026-08-28T09:20:11.526077Z  INFO scan_sources: tailwindcss_oxide::scanner: Discovering "C:\\Users\\Admin\\Documents\\high fid\\src\\app\\components\\ui\\textarea.tsx"
2026-08-28T09:20:11.526195Z  INFO scan_sources: tailwindcss_oxide::scanner: Discovering "C:\\Users\\Admin\\Documents\\high fid\\src\\app\\components\\ui\\toggle-group.tsx"
2026-08-28T09:20:11.526572Z  INFO scan_sources: tailwindcss_oxide::scanner: Discovering "C:\\Users\\Admin\\Documents\\high fid\\src\\app\\components\\ui\\toggle.tsx"
2026-08-28T09:20:11.526699Z  INFO scan_sources: tailwindcss_oxide::scanner: Discovering "C:\\Users\\Admin\\Documents\\high fid\\src\\app\\components\\ui\\tooltip.tsx"
2026-08-28T09:20:11.526802Z  INFO scan_sources: tailwindcss_oxide::scanner: Discovering "C:\\Users\\Admin\\Documents\\high fid\\src\\app\\components\\ui\\use-mobile.ts"
2026-08-28T09:20:11.526900Z  INFO scan_sources: tailwindcss_oxide::scanner: Discovering "C:\\Users\\Admin\\Documents\\high fid\\src\\app\\components\\ui\\utils.ts"
2026-08-28T09:20:11.527185Z  INFO scan_sources: tailwindcss_oxide::scanner: Discovering "C:\\Users\\Admin\\Documents\\high fid\\src\\context"
2026-08-28T09:20:11.527409Z  INFO scan_sources: tailwindcss_oxide::scanner: Discovering "C:\\Users\\Admin\\Documents\\high fid\\src\\context\\UnitContext.tsx"
2026-08-28T09:20:11.527640Z  INFO scan_sources: tailwindcss_oxide::scanner: Discovering "C:\\Users\\Admin\\Documents\\high fid\\src\\data"
2026-08-28T09:20:11.527862Z  INFO scan_sources: tailwindcss_oxide::scanner: Discovering "C:\\Users\\Admin\\Documents\\high fid\\src\\data\\config.ts"
2026-08-28T09:20:11.528032Z  INFO scan_sources: tailwindcss_oxide::scanner: Discovering "C:\\Users\\Admin\\Documents\\high fid\\src\\data\\helpers.ts"
2026-08-28T09:20:11.546736Z  INFO scan_sources: tailwindcss_oxide::scanner: Discovering "C:\\Users\\Admin\\Documents\\high fid\\src\\data\\images.ts"
2026-08-28T09:20:11.546847Z  INFO scan_sources: tailwindcss_oxide::scanner: Discovering "C:\\Users\\Admin\\Documents\\high fid\\src\\data\\index.ts"
2026-08-28T09:20:11.546945Z  INFO scan_sources: tailwindcss_oxide::scanner: Discovering "C:\\Users\\Admin\\Documents\\high fid\\src\\data\\units.ts"
2026-08-28T09:20:11.547092Z  INFO scan_sources: tailwindcss_oxide::scanner: Discovering "C:\\Users\\Admin\\Documents\\high fid\\src\\main.tsx"
2026-08-28T09:20:11.547279Z  INFO scan_sources: tailwindcss_oxide::scanner: Discovering "C:\\Users\\Admin\\Documents\\high fid\\src\\styles"
2026-08-28T09:20:11.547825Z  INFO scan_sources: tailwindcss_oxide::scanner: Discovering "C:\\Users\\Admin\\Documents\\high fid\\src\\types.ts"
2026-08-28T09:20:11.547918Z  INFO scan_sources: tailwindcss_oxide::scanner: Discovering "C:\\Users\\Admin\\Documents\\high fid\\src\\vite-env.d.ts"
2026-08-28T09:20:11.550973Z  INFO scan_sources: tailwindcss_oxide::scanner: Discovering "C:\\Users\\Admin\\Documents\\high fid\\src\\app"
2026-08-28T09:20:11.551423Z  INFO scan_sources: tailwindcss_oxide::scanner: Discovering "C:\\Users\\Admin\\Documents\\high fid\\src\\app\\components"
2026-08-28T09:20:11.553648Z  INFO scan_sources: tailwindcss_oxide::scanner: Discovering "C:\\Users\\Admin\\Documents\\high fid\\src\\app\\components\\figma"
2026-08-28T09:20:11.555540Z  INFO scan_sources: tailwindcss_oxide::scanner: Discovering "C:\\Users\\Admin\\Documents\\high fid\\src\\app\\components\\MainCanvas"
2026-08-28T09:20:11.556451Z  INFO scan_sources: tailwindcss_oxide::scanner: Discovering "C:\\Users\\Admin\\Documents\\high fid\\src\\app\\components\\TradeAnalyzer"
2026-08-28T09:20:11.557126Z  INFO scan_sources: tailwindcss_oxide::scanner: Discovering "C:\\Users\\Admin\\Documents\\high fid\\src\\app\\components\\ui"
2026-08-28T09:20:11.562102Z  INFO scan_sources: tailwindcss_oxide::scanner: Discovering "C:\\Users\\Admin\\Documents\\high fid\\src\\context"
2026-08-28T09:20:11.562569Z  INFO scan_sources: tailwindcss_oxide::scanner: Discovering "C:\\Users\\Admin\\Documents\\high fid\\src\\data"
2026-08-28T09:20:11.563238Z  INFO scan_sources: tailwindcss_oxide::scanner: Discovering "C:\\Users\\Admin\\Documents\\high fid\\src\\styles"
2026-08-28T09:20:11.564236Z  INFO scan_sources: tailwindcss_oxide::scanner: exit
2026-08-28T09:20:11.564257Z  INFO extract_candidates: tailwindcss_oxide::scanner: enter
2026-08-28T09:20:11.564274Z  INFO extract_candidates:read_all_files: tailwindcss_oxide::scanner: enter
2026-08-28T09:20:11.564296Z  INFO extract_candidates:read_all_files: tailwindcss_oxide::scanner: Reading 74 file(s)
2026-08-28T09:20:11.565011Z  INFO tailwindcss_oxide::scanner: Reading "C:\\Users\\Admin\\Documents\\high fid\\src\\app\\App.tsx"
2026-08-28T09:20:11.565672Z  INFO tailwindcss_oxide::scanner: Reading "C:\\Users\\Admin\\Documents\\high fid\\src\\app\\components\\ui\\form.tsx"
2026-08-28T09:20:11.566726Z  INFO tailwindcss_oxide::scanner: Reading "C:\\Users\\Admin\\Documents\\high fid\\src\\app\\components\\ui\\hover-card.tsx"
2026-08-28T09:20:11.567304Z  INFO tailwindcss_oxide::scanner: Reading "C:\\Users\\Admin\\Documents\\high fid\\src\\app\\components\\ui\\card.tsx"
2026-08-28T09:20:11.567309Z  INFO tailwindcss_oxide::scanner: Reading "C:\\Users\\Admin\\Documents\\high fid\\src\\app\\components\\ui\\input-otp.tsx"
2026-08-28T09:20:11.567822Z  INFO tailwindcss_oxide::scanner: Reading "C:\\Users\\Admin\\Documents\\high fid\\src\\app\\components\\ui\\input.tsx"
2026-08-28T09:20:11.567824Z  INFO tailwindcss_oxide::scanner: Reading "C:\\Users\\Admin\\Documents\\high fid\\src\\app\\components\\ui\\carousel.tsx"
2026-08-28T09:20:11.568374Z  INFO tailwindcss_oxide::scanner: Reading "C:\\Users\\Admin\\Documents\\high fid\\src\\app\\components\\ui\\chart.tsx"
2026-08-28T09:20:11.571146Z  INFO tailwindcss_oxide::scanner: Reading "C:\\Users\\Admin\\Documents\\high fid\\src\\app\\components\\ui\\label.tsx"
2026-08-28T09:20:11.571462Z  INFO tailwindcss_oxide::scanner: Reading "C:\\Users\\Admin\\Documents\\high fid\\src\\app\\components\\ui\\checkbox.tsx"
2026-08-28T09:20:11.572708Z  INFO tailwindcss_oxide::scanner: Reading "C:\\Users\\Admin\\Documents\\high fid\\src\\app\\components\\ui\\menubar.tsx"
2026-08-28T09:20:11.572912Z  INFO tailwindcss_oxide::scanner: Reading "C:\\Users\\Admin\\Documents\\high fid\\src\\app\\components\\ui\\collapsible.tsx"
2026-08-28T09:20:11.573617Z  INFO tailwindcss_oxide::scanner: Reading "C:\\Users\\Admin\\Documents\\high fid\\src\\app\\components\\ui\\command.tsx"
2026-08-28T09:20:11.574154Z  INFO tailwindcss_oxide::scanner: Reading "C:\\Users\\Admin\\Documents\\high fid\\src\\app\\components\\ui\\context-menu.tsx"
2026-08-28T09:20:11.575882Z  INFO tailwindcss_oxide::scanner: Reading "C:\\Users\\Admin\\Documents\\high fid\\src\\app\\components\\ui\\accordion.tsx"
2026-08-28T09:20:11.576573Z  INFO tailwindcss_oxide::scanner: Reading "C:\\Users\\Admin\\Documents\\high fid\\src\\app\\components\\ui\\navigation-menu.tsx"
2026-08-28T09:20:11.577096Z  INFO tailwindcss_oxide::scanner: Reading "C:\\Users\\Admin\\Documents\\high fid\\src\\app\\components\\ExtraNoticesChannel.tsx"
2026-08-28T09:20:11.577222Z  INFO tailwindcss_oxide::scanner: Reading "C:\\Users\\Admin\\Documents\\high fid\\src\\app\\components\\ui\\dialog.tsx"
2026-08-28T09:20:11.577389Z  INFO tailwindcss_oxide::scanner: Reading "C:\\Users\\Admin\\Documents\\high fid\\src\\app\\components\\ui\\pagination.tsx"
2026-08-28T09:20:11.577509Z  INFO tailwindcss_oxide::scanner: Reading "C:\\Users\\Admin\\Documents\\high fid\\src\\app\\components\\ui\\alert-dialog.tsx"
2026-08-28T09:20:11.577985Z  INFO tailwindcss_oxide::scanner: Reading "C:\\Users\\Admin\\Documents\\high fid\\src\\app\\components\\ui\\drawer.tsx"
2026-08-28T09:20:11.578863Z  INFO tailwindcss_oxide::scanner: Reading "C:\\Users\\Admin\\Documents\\high fid\\src\\app\\components\\ui\\alert.tsx"
2026-08-28T09:20:11.578972Z  INFO tailwindcss_oxide::scanner: Reading "C:\\Users\\Admin\\Documents\\high fid\\src\\app\\components\\figma\\ImageWithFallback.tsx"
2026-08-28T09:20:11.579451Z  INFO tailwindcss_oxide::scanner: Reading "C:\\Users\\Admin\\Documents\\high fid\\src\\app\\components\\ui\\popover.tsx"
2026-08-28T09:20:11.579741Z  INFO tailwindcss_oxide::scanner: Reading "C:\\Users\\Admin\\Documents\\high fid\\src\\app\\components\\ui\\dropdown-menu.tsx"
2026-08-28T09:20:11.579941Z  INFO tailwindcss_oxide::scanner: Reading "C:\\Users\\Admin\\Documents\\high fid\\src\\app\\components\\HomeChannel.tsx"
2026-08-28T09:20:11.580160Z  INFO tailwindcss_oxide::scanner: Reading "C:\\Users\\Admin\\Documents\\high fid\\src\\app\\components\\ui\\aspect-ratio.tsx"
2026-08-28T09:20:11.580474Z  INFO tailwindcss_oxide::scanner: Reading "C:\\Users\\Admin\\Documents\\high fid\\src\\app\\components\\ui\\progress.tsx"
2026-08-28T09:20:11.580636Z  INFO tailwindcss_oxide::scanner: Reading "C:\\Users\\Admin\\Documents\\high fid\\src\\app\\components\\MainCanvas\\UnitListTable.tsx"
2026-08-28T09:20:11.580999Z  INFO tailwindcss_oxide::scanner: Reading "C:\\Users\\Admin\\Documents\\high fid\\src\\app\\components\\ui\\avatar.tsx"
2026-08-28T09:20:11.581157Z  INFO tailwindcss_oxide::scanner: Reading "C:\\Users\\Admin\\Documents\\high fid\\src\\app\\components\\MainCanvas\\CustomDropdown.tsx"
2026-08-28T09:20:11.581511Z  INFO tailwindcss_oxide::scanner: Reading "C:\\Users\\Admin\\Documents\\high fid\\src\\app\\components\\Sidebar.tsx"
2026-08-28T09:20:11.581743Z  INFO tailwindcss_oxide::scanner: Reading "C:\\Users\\Admin\\Documents\\high fid\\src\\app\\components\\ui\\badge.tsx"
2026-08-28T09:20:11.582956Z  INFO tailwindcss_oxide::scanner: Reading "C:\\Users\\Admin\\Documents\\high fid\\src\\app\\components\\ui\\radio-group.tsx"
2026-08-28T09:20:11.583708Z  INFO tailwindcss_oxide::scanner: Reading "C:\\Users\\Admin\\Documents\\high fid\\src\\app\\components\\ui\\breadcrumb.tsx"
2026-08-28T09:20:11.583924Z  INFO tailwindcss_oxide::scanner: Reading "C:\\Users\\Admin\\Documents\\high fid\\src\\app\\components\\TradeAnalyzer\\ActiveCardRow.tsx"
2026-08-28T09:20:11.584061Z  INFO tailwindcss_oxide::scanner: Reading "C:\\Users\\Admin\\Documents\\high fid\\src\\app\\components\\MainCanvas\\index.tsx"
2026-08-28T09:20:11.584690Z  INFO tailwindcss_oxide::scanner: Reading "C:\\Users\\Admin\\Documents\\high fid\\src\\app\\components\\MainCanvas\\LazyRender.tsx"
2026-08-28T09:20:11.584830Z  INFO tailwindcss_oxide::scanner: Reading "C:\\Users\\Admin\\Documents\\high fid\\src\\app\\components\\ui\\resizable.tsx"
2026-08-28T09:20:11.587101Z  INFO tailwindcss_oxide::scanner: Reading "C:\\Users\\Admin\\Documents\\high fid\\src\\app\\components\\ui\\button.tsx"
2026-08-28T09:20:11.587496Z  INFO tailwindcss_oxide::scanner: Reading "C:\\Users\\Admin\\Documents\\high fid\\src\\app\\components\\TradeAnalyzer\\index.tsx"
2026-08-28T09:20:11.587793Z  INFO tailwindcss_oxide::scanner: Reading "C:\\Users\\Admin\\Documents\\high fid\\src\\app\\components\\ui\\scroll-area.tsx"
2026-08-28T09:20:11.588632Z  INFO tailwindcss_oxide::scanner: Reading "C:\\Users\\Admin\\Documents\\high fid\\src\\app\\components\\ui\\calendar.tsx"
2026-08-28T09:20:11.588859Z  INFO tailwindcss_oxide::scanner: Reading "C:\\Users\\Admin\\Documents\\high fid\\src\\app\\components\\TradeAnalyzer\\smartParser.ts"
2026-08-28T09:20:11.590699Z  INFO tailwindcss_oxide::scanner: Reading "C:\\Users\\Admin\\Documents\\high fid\\src\\app\\components\\ui\\select.tsx"
2026-08-28T09:20:11.597448Z  INFO tailwindcss_oxide::scanner: Reading "C:\\Users\\Admin\\Documents\\high fid\\src\\app\\components\\MainCanvas\\TierSections.tsx"
2026-08-28T09:20:11.597663Z  INFO tailwindcss_oxide::scanner: Reading "C:\\Users\\Admin\\Documents\\high fid\\src\\app\\components\\ui\\slider.tsx"
2026-08-28T09:20:11.598908Z  INFO tailwindcss_oxide::scanner: Reading "C:\\Users\\Admin\\Documents\\high fid\\src\\app\\components\\TradeAnalyzer\\summaryUtils.tsx"
2026-08-28T09:20:11.599004Z  INFO tailwindcss_oxide::scanner: Reading "C:\\Users\\Admin\\Documents\\high fid\\src\\app\\components\\ui\\separator.tsx"
2026-08-28T09:20:11.599255Z  INFO tailwindcss_oxide::scanner: Reading "C:\\Users\\Admin\\Documents\\high fid\\src\\app\\components\\MainCanvas\\UnitGrid.tsx"
2026-08-28T09:20:11.599867Z  INFO tailwindcss_oxide::scanner: Reading "C:\\Users\\Admin\\Documents\\high fid\\src\\app\\components\\ui\\switch.tsx"
2026-08-28T09:20:11.600415Z  INFO tailwindcss_oxide::scanner: Reading "C:\\Users\\Admin\\Documents\\high fid\\src\\app\\components\\ui\\sheet.tsx"
2026-08-28T09:20:11.601484Z  INFO tailwindcss_oxide::scanner: Reading "C:\\Users\\Admin\\Documents\\high fid\\src\\app\\components\\TradeAnalyzer\\TradeNotices.tsx"
2026-08-28T09:20:11.601594Z  INFO tailwindcss_oxide::scanner: Reading "C:\\Users\\Admin\\Documents\\high fid\\src\\app\\components\\ui\\utils.ts"
2026-08-28T09:20:11.601710Z  INFO tailwindcss_oxide::scanner: Reading "C:\\Users\\Admin\\Documents\\high fid\\src\\context\\UnitContext.tsx"
2026-08-28T09:20:11.601715Z  INFO tailwindcss_oxide::scanner: Reading "C:\\Users\\Admin\\Documents\\high fid\\src\\app\\components\\ui\\sidebar.tsx"
2026-08-28T09:20:11.603656Z  INFO tailwindcss_oxide::scanner: Reading "C:\\Users\\Admin\\Documents\\high fid\\src\\data\\config.ts"
2026-08-28T09:20:11.603810Z  INFO tailwindcss_oxide::scanner: Reading "C:\\Users\\Admin\\Documents\\high fid\\src\\data\\helpers.ts"
2026-08-28T09:20:11.603906Z  INFO tailwindcss_oxide::scanner: Reading "C:\\Users\\Admin\\Documents\\high fid\\src\\data\\images.ts"
2026-08-28T09:20:11.605380Z  INFO tailwindcss_oxide::scanner: Reading "C:\\Users\\Admin\\Documents\\high fid\\src\\app\\components\\ui\\table.tsx"
2026-08-28T09:20:11.607544Z  INFO tailwindcss_oxide::scanner: Reading "C:\\Users\\Admin\\Documents\\high fid\\src\\app\\components\\ui\\tabs.tsx"
2026-08-28T09:20:11.607921Z  INFO tailwindcss_oxide::scanner: Reading "C:\\Users\\Admin\\Documents\\high fid\\src\\app\\components\\TradeAnalyzer\\TradeSectionPanel.tsx"
2026-08-28T09:20:11.608212Z  INFO tailwindcss_oxide::scanner: Reading "C:\\Users\\Admin\\Documents\\high fid\\src\\app\\components\\ui\\skeleton.tsx"
2026-08-28T09:20:11.608661Z  INFO tailwindcss_oxide::scanner: Reading "C:\\Users\\Admin\\Documents\\high fid\\src\\data\\index.ts"
2026-08-28T09:20:11.608762Z  INFO tailwindcss_oxide::scanner: Reading "C:\\Users\\Admin\\Documents\\high fid\\src\\app\\components\\ui\\textarea.tsx"
2026-08-28T09:20:11.608810Z  INFO tailwindcss_oxide::scanner: Reading "C:\\Users\\Admin\\Documents\\high fid\\src\\data\\units.ts"
2026-08-28T09:20:11.608913Z  INFO tailwindcss_oxide::scanner: Reading "C:\\Users\\Admin\\Documents\\high fid\\src\\main.tsx"
2026-08-28T09:20:11.608990Z  INFO tailwindcss_oxide::scanner: Reading "C:\\Users\\Admin\\Documents\\high fid\\src\\types.ts"
2026-08-28T09:20:11.609532Z  INFO tailwindcss_oxide::scanner: Reading "C:\\Users\\Admin\\Documents\\high fid\\src\\app\\components\\TutorialChannel.tsx"
2026-08-28T09:20:11.609821Z  INFO tailwindcss_oxide::scanner: Reading "C:\\Users\\Admin\\Documents\\high fid\\src\\app\\components\\ui\\toggle-group.tsx"
2026-08-28T09:20:11.609884Z  INFO tailwindcss_oxide::scanner: Reading "C:\\Users\\Admin\\Documents\\high fid\\src\\vite-env.d.ts"
2026-08-28T09:20:11.610689Z  INFO tailwindcss_oxide::scanner: Reading "C:\\Users\\Admin\\Documents\\high fid\\src\\app\\components\\ui\\toggle.tsx"
2026-08-28T09:20:11.610780Z  INFO tailwindcss_oxide::scanner: Reading "C:\\Users\\Admin\\Documents\\high fid\\src\\app\\components\\ui\\tooltip.tsx"
2026-08-28T09:20:11.611345Z  INFO tailwindcss_oxide::scanner: Reading "C:\\Users\\Admin\\Documents\\high fid\\src\\app\\components\\ui\\use-mobile.ts"
2026-08-28T09:20:11.611435Z  INFO extract_candidates:read_all_files: tailwindcss_oxide::scanner: exit
2026-08-28T09:20:11.611453Z  INFO extract_candidates:parse_all_blobs: tailwindcss_oxide::scanner: enter
2026-08-28T09:20:11.611461Z  INFO extract_candidates:parse_all_blobs:extract: tailwindcss_oxide::scanner: enter
2026-08-28T09:20:11.621503Z  INFO extract_candidates:parse_all_blobs:extract: tailwindcss_oxide::scanner: exit
2026-08-28T09:20:11.621560Z  INFO extract_candidates:parse_all_blobs: tailwindcss_oxide::scanner: exit
2026-08-28T09:20:11.622103Z  INFO extract_candidates: tailwindcss_oxide::scanner: exit
2026-08-28T09:20:11.624384Z  INFO get_files: tailwindcss_oxide::scanner: enter
2026-08-28T09:20:11.624426Z  INFO get_files:scan_sources: tailwindcss_oxide::scanner: enter
2026-08-28T09:20:11.625809Z  INFO get_files:scan_sources: tailwindcss_oxide::scanner: Discovering "C:\\Users\\Admin\\Documents\\high fid\\src\\app"
2026-08-28T09:20:11.626132Z  INFO get_files:scan_sources: tailwindcss_oxide::scanner: Discovering "C:\\Users\\Admin\\Documents\\high fid\\src\\app\\components"
2026-08-28T09:20:11.626492Z  INFO get_files:scan_sources: tailwindcss_oxide::scanner: Discovering "C:\\Users\\Admin\\Documents\\high fid\\src\\app\\components\\figma"
2026-08-28T09:20:11.626881Z  INFO get_files:scan_sources: tailwindcss_oxide::scanner: Discovering "C:\\Users\\Admin\\Documents\\high fid\\src\\app\\components\\MainCanvas"
2026-08-28T09:20:11.627685Z  INFO get_files:scan_sources: tailwindcss_oxide::scanner: Discovering "C:\\Users\\Admin\\Documents\\high fid\\src\\app\\components\\TradeAnalyzer"
2026-08-28T09:20:11.628353Z  INFO get_files:scan_sources: tailwindcss_oxide::scanner: Discovering "C:\\Users\\Admin\\Documents\\high fid\\src\\app\\components\\ui"
2026-08-28T09:20:11.631419Z  INFO get_files:scan_sources: tailwindcss_oxide::scanner: Discovering "C:\\Users\\Admin\\Documents\\high fid\\src\\context"
2026-08-28T09:20:11.631869Z  INFO get_files:scan_sources: tailwindcss_oxide::scanner: Discovering "C:\\Users\\Admin\\Documents\\high fid\\src\\data"
2026-08-28T09:20:11.632477Z  INFO get_files:scan_sources: tailwindcss_oxide::scanner: Discovering "C:\\Users\\Admin\\Documents\\high fid\\src\\styles"
2026-08-28T09:20:11.633621Z  INFO get_files:scan_sources: tailwindcss_oxide::scanner: Discovering "C:\\Users\\Admin\\Documents\\high fid\\src\\app"
2026-08-28T09:20:11.633939Z  INFO get_files:scan_sources: tailwindcss_oxide::scanner: Discovering "C:\\Users\\Admin\\Documents\\high fid\\src\\app\\components"
2026-08-28T09:20:11.634349Z  INFO get_files:scan_sources: tailwindcss_oxide::scanner: Discovering "C:\\Users\\Admin\\Documents\\high fid\\src\\app\\components\\figma"
2026-08-28T09:20:11.634869Z  INFO get_files:scan_sources: tailwindcss_oxide::scanner: Discovering "C:\\Users\\Admin\\Documents\\high fid\\src\\app\\components\\MainCanvas"
2026-08-28T09:20:11.637056Z  INFO get_files:scan_sources: tailwindcss_oxide::scanner: Discovering "C:\\Users\\Admin\\Documents\\high fid\\src\\app\\components\\TradeAnalyzer"
2026-08-28T09:20:11.637743Z  INFO get_files:scan_sources: tailwindcss_oxide::scanner: Discovering "C:\\Users\\Admin\\Documents\\high fid\\src\\app\\components\\ui"
2026-08-28T09:20:11.640440Z  INFO get_files:scan_sources: tailwindcss_oxide::scanner: Discovering "C:\\Users\\Admin\\Documents\\high fid\\src\\context"
2026-08-28T09:20:11.640779Z  INFO get_files:scan_sources: tailwindcss_oxide::scanner: Discovering "C:\\Users\\Admin\\Documents\\high fid\\src\\data"
2026-08-28T09:20:11.641408Z  INFO get_files:scan_sources: tailwindcss_oxide::scanner: Discovering "C:\\Users\\Admin\\Documents\\high fid\\src\\styles"
2026-08-28T09:20:11.642430Z  INFO get_files:scan_sources: tailwindcss_oxide::scanner: exit
2026-08-28T09:20:11.642508Z  INFO get_files: tailwindcss_oxide::scanner: exit
2026-08-28T09:20:11.687408Z  INFO get_globs: tailwindcss_oxide::scanner: enter
2026-08-28T09:20:11.687442Z  INFO get_globs:scan_sources: tailwindcss_oxide::scanner: enter
2026-08-28T09:20:11.688780Z  INFO get_globs:scan_sources: tailwindcss_oxide::scanner: Discovering "C:\\Users\\Admin\\Documents\\high fid\\src\\app"
2026-08-28T09:20:11.689138Z  INFO get_globs:scan_sources: tailwindcss_oxide::scanner: Discovering "C:\\Users\\Admin\\Documents\\high fid\\src\\app\\components"
2026-08-28T09:20:11.689457Z  INFO get_globs:scan_sources: tailwindcss_oxide::scanner: Discovering "C:\\Users\\Admin\\Documents\\high fid\\src\\app\\components\\figma"
2026-08-28T09:20:11.689929Z  INFO get_globs:scan_sources: tailwindcss_oxide::scanner: Discovering "C:\\Users\\Admin\\Documents\\high fid\\src\\app\\components\\MainCanvas"
2026-08-28T09:20:11.690737Z  INFO get_globs:scan_sources: tailwindcss_oxide::scanner: Discovering "C:\\Users\\Admin\\Documents\\high fid\\src\\app\\components\\TradeAnalyzer"
2026-08-28T09:20:11.691425Z  INFO get_globs:scan_sources: tailwindcss_oxide::scanner: Discovering "C:\\Users\\Admin\\Documents\\high fid\\src\\app\\components\\ui"
2026-08-28T09:20:11.694498Z  INFO get_globs:scan_sources: tailwindcss_oxide::scanner: Discovering "C:\\Users\\Admin\\Documents\\high fid\\src\\context"
2026-08-28T09:20:11.694910Z  INFO get_globs:scan_sources: tailwindcss_oxide::scanner: Discovering "C:\\Users\\Admin\\Documents\\high fid\\src\\data"
2026-08-28T09:20:11.695728Z  INFO get_globs:scan_sources: tailwindcss_oxide::scanner: Discovering "C:\\Users\\Admin\\Documents\\high fid\\src\\styles"
2026-08-28T09:20:11.696962Z  INFO get_globs:scan_sources: tailwindcss_oxide::scanner: Discovering "C:\\Users\\Admin\\Documents\\high fid\\src\\app"
2026-08-28T09:20:11.697291Z  INFO get_globs:scan_sources: tailwindcss_oxide::scanner: Discovering "C:\\Users\\Admin\\Documents\\high fid\\src\\app\\components"
2026-08-28T09:20:11.697600Z  INFO get_globs:scan_sources: tailwindcss_oxide::scanner: Discovering "C:\\Users\\Admin\\Documents\\high fid\\src\\app\\components\\figma"
2026-08-28T09:20:11.697987Z  INFO get_globs:scan_sources: tailwindcss_oxide::scanner: Discovering "C:\\Users\\Admin\\Documents\\high fid\\src\\app\\components\\MainCanvas"
2026-08-28T09:20:11.698621Z  INFO get_globs:scan_sources: tailwindcss_oxide::scanner: Discovering "C:\\Users\\Admin\\Documents\\high fid\\src\\app\\components\\TradeAnalyzer"
2026-08-28T09:20:11.699328Z  INFO get_globs:scan_sources: tailwindcss_oxide::scanner: Discovering "C:\\Users\\Admin\\Documents\\high fid\\src\\app\\components\\ui"
2026-08-28T09:20:11.703252Z  INFO get_globs:scan_sources: tailwindcss_oxide::scanner: Discovering "C:\\Users\\Admin\\Documents\\high fid\\src\\context"
2026-08-28T09:20:11.703836Z  INFO get_globs:scan_sources: tailwindcss_oxide::scanner: Discovering "C:\\Users\\Admin\\Documents\\high fid\\src\\data"
2026-08-28T09:20:11.705460Z  INFO get_globs:scan_sources: tailwindcss_oxide::scanner: Discovering "C:\\Users\\Admin\\Documents\\high fid\\src\\styles"
2026-08-28T09:20:11.706342Z  INFO get_globs:scan_sources: tailwindcss_oxide::scanner: exit
2026-08-28T09:20:11.706667Z  INFO get_globs: tailwindcss_oxide::scanner: exit
2026-08-28T09:20:14.098803Z  INFO tailwindcss_oxide::scanner: Provided sources:
2026-08-28T09:20:14.098818Z  INFO tailwindcss_oxide::scanner: Source: PublicSourceEntry { base: "C:/Users/Admin/Documents/high fid", pattern: "**/*", negated: false }
2026-08-28T09:20:14.098909Z  INFO tailwindcss_oxide::scanner: Optimized sources:
2026-08-28T09:20:14.098918Z  INFO tailwindcss_oxide::scanner: Source: Auto { base: "C:\\Users\\Admin\\Documents\\high fid" }
2026-08-28T09:20:15.957494Z  INFO tailwindcss_oxide::scanner: Provided sources:
2026-08-28T09:20:15.957517Z  INFO tailwindcss_oxide::scanner: Source: PublicSourceEntry { base: "C:/Users/Admin/Documents/high fid", pattern: "**/*", negated: false }
2026-08-28T09:20:15.957618Z  INFO tailwindcss_oxide::scanner: Optimized sources:
2026-08-28T09:20:15.957624Z  INFO tailwindcss_oxide::scanner: Source: Auto { base: "C:\\Users\\Admin\\Documents\\high fid" }
