2026-08-28T09:21:05.977332Z  INFO tailwindcss_oxide::scanner: Provided sources:
2026-08-28T09:21:05.977426Z  INFO tailwindcss_oxide::scanner: Source: PublicSourceEntry { base: "C:/Users/Admin/Documents/high fid", pattern: "**/*", negated: false }
2026-08-28T09:21:05.977638Z  INFO tailwindcss_oxide::scanner: Optimized sources:
2026-08-28T09:21:05.977661Z  INFO tailwindcss_oxide::scanner: Source: Auto { base: "C:\\Users\\Admin\\Documents\\high fid" }
2026-08-28T09:21:07.380683Z  INFO tailwindcss_oxide::scanner: Provided sources:
2026-08-28T09:21:07.380717Z  INFO tailwindcss_oxide::scanner: Source: PublicSourceEntry { base: "C:/Users/Admin/Documents/high fid", pattern: "**/*", negated: false }
2026-08-28T09:21:07.381170Z  INFO tailwindcss_oxide::scanner: Optimized sources:
2026-08-28T09:21:07.381184Z  INFO tailwindcss_oxide::scanner: Source: Auto { base: "C:\\Users\\Admin\\Documents\\high fid" }
2026-08-28T09:21:09.794413Z  INFO tailwindcss_oxide::scanner: Provided sources:
2026-08-28T09:21:09.794498Z  INFO tailwindcss_oxide::scanner: Source: PublicSourceEntry { base: "C:/Users/Admin/Documents/high fid", pattern: "**/*", negated: false }
2026-08-28T09:21:09.794874Z  INFO tailwindcss_oxide::scanner: Optimized sources:
2026-08-28T09:21:09.794883Z  INFO tailwindcss_oxide::scanner: Source: Auto { base: "C:\\Users\\Admin\\Documents\\high fid" }
2026-08-28T09:21:10.036345Z  INFO tailwindcss_oxide::scanner: Provided sources:
2026-08-28T09:21:10.036358Z  INFO tailwindcss_oxide::scanner: Source: PublicSourceEntry { base: "C:\\Users\\Admin\\Documents\\high fid\\src\\styles", pattern: "../**/*.{js,ts,jsx,tsx}", negated: false }
2026-08-28T09:21:10.037802Z  INFO tailwindcss_oxide::scanner: Optimized sources:
2026-08-28T09:21:10.037820Z  INFO tailwindcss_oxide::scanner: Source: Pattern { base: "C:\\Users\\Admin\\Documents\\high fid\\src", pattern: "**/*.js" }
2026-08-28T09:21:10.037832Z  INFO tailwindcss_oxide::scanner: Source: Pattern { base: "C:\\Users\\Admin\\Documents\\high fid\\src", pattern: "**/*.ts" }
2026-08-28T09:21:10.037837Z  INFO tailwindcss_oxide::scanner: Source: Pattern { base: "C:\\Users\\Admin\\Documents\\high fid\\src", pattern: "**/*.jsx" }
2026-08-28T09:21:10.037841Z  INFO tailwindcss_oxide::scanner: Source: Pattern { base: "C:\\Users\\Admin\\Documents\\high fid\\src", pattern: "**/*.tsx" }
2026-08-28T09:21:10.038190Z  INFO scan_sources: tailwindcss_oxide::scanner: enter
2026-08-28T09:21:10.039513Z  INFO scan_sources: tailwindcss_oxide::scanner: Discovering "C:\\Users\\Admin\\Documents\\high fid\\src\\app"
2026-08-28T09:21:10.039825Z  INFO scan_sources: tailwindcss_oxide::scanner: Discovering "C:\\Users\\Admin\\Documents\\high fid\\src\\app\\App.tsx"
2026-08-28T09:21:10.040015Z  INFO scan_sources: tailwindcss_oxide::scanner: Discovering "C:\\Users\\Admin\\Documents\\high fid\\src\\app\\components"
2026-08-28T09:21:10.040239Z  INFO scan_sources: tailwindcss_oxide::scanner: Discovering "C:\\Users\\Admin\\Documents\\high fid\\src\\app\\components\\ExtraNoticesChannel.tsx"
2026-08-28T09:21:10.040451Z  INFO scan_sources: tailwindcss_oxide::scanner: Discovering "C:\\Users\\Admin\\Documents\\high fid\\src\\app\\components\\figma"
2026-08-28T09:21:10.040661Z  INFO scan_sources: tailwindcss_oxide::scanner: Discovering "C:\\Users\\Admin\\Documents\\high fid\\src\\app\\components\\figma\\ImageWithFallback.tsx"
2026-08-28T09:21:10.040804Z  INFO scan_sources: tailwindcss_oxide::scanner: Discovering "C:\\Users\\Admin\\Documents\\high fid\\src\\app\\components\\HomeChannel.tsx"
2026-08-28T09:21:10.040965Z  INFO scan_sources: tailwindcss_oxide::scanner: Discovering "C:\\Users\\Admin\\Documents\\high fid\\src\\app\\components\\MainCanvas"
2026-08-28T09:21:10.041170Z  INFO scan_sources: tailwindcss_oxide::scanner: Discovering "C:\\Users\\Admin\\Documents\\high fid\\src\\app\\components\\MainCanvas\\CustomDropdown.tsx"
2026-08-28T09:21:10.041280Z  INFO scan_sources: tailwindcss_oxide::scanner: Discovering "C:\\Users\\Admin\\Documents\\high fid\\src\\app\\components\\MainCanvas\\index.tsx"
2026-08-28T09:21:10.041391Z  INFO scan_sources: tailwindcss_oxide::scanner: Discovering "C:\\Users\\Admin\\Documents\\high fid\\src\\app\\components\\MainCanvas\\LazyRender.tsx"
2026-08-28T09:21:10.041547Z  INFO scan_sources: tailwindcss_oxide::scanner: Discovering "C:\\Users\\Admin\\Documents\\high fid\\src\\app\\components\\MainCanvas\\TierSections.tsx"
2026-08-28T09:21:10.041820Z  INFO scan_sources: tailwindcss_oxide::scanner: Discovering "C:\\Users\\Admin\\Documents\\high fid\\src\\app\\components\\MainCanvas\\UnitGrid.tsx"
2026-08-28T09:21:10.041958Z  INFO scan_sources: tailwindcss_oxide::scanner: Discovering "C:\\Users\\Admin\\Documents\\high fid\\src\\app\\components\\MainCanvas\\UnitListTable.tsx"
2026-08-28T09:21:10.042194Z  INFO scan_sources: tailwindcss_oxide::scanner: Discovering "C:\\Users\\Admin\\Documents\\high fid\\src\\app\\components\\Sidebar.tsx"
2026-08-28T09:21:10.042460Z  INFO scan_sources: tailwindcss_oxide::scanner: Discovering "C:\\Users\\Admin\\Documents\\high fid\\src\\app\\components\\TradeAnalyzer"
2026-08-28T09:21:10.042900Z  INFO scan_sources: tailwindcss_oxide::scanner: Discovering "C:\\Users\\Admin\\Documents\\high fid\\src\\app\\components\\TradeAnalyzer\\ActiveCardRow.tsx"
2026-08-28T09:21:10.043046Z  INFO scan_sources: tailwindcss_oxide::scanner: Discovering "C:\\Users\\Admin\\Documents\\high fid\\src\\app\\components\\TradeAnalyzer\\index.tsx"
2026-08-28T09:21:10.043155Z  INFO scan_sources: tailwindcss_oxide::scanner: Discovering "C:\\Users\\Admin\\Documents\\high fid\\src\\app\\components\\TradeAnalyzer\\smartParser.ts"
2026-08-28T09:21:10.043307Z  INFO scan_sources: tailwindcss_oxide::scanner: Discovering "C:\\Users\\Admin\\Documents\\high fid\\src\\app\\components\\TradeAnalyzer\\summaryUtils.tsx"
2026-08-28T09:21:10.043434Z  INFO scan_sources: tailwindcss_oxide::scanner: Discovering "C:\\Users\\Admin\\Documents\\high fid\\src\\app\\components\\TradeAnalyzer\\TradeNotices.tsx"
2026-08-28T09:21:10.043549Z  INFO scan_sources: tailwindcss_oxide::scanner: Discovering "C:\\Users\\Admin\\Documents\\high fid\\src\\app\\components\\TradeAnalyzer\\TradeSectionPanel.tsx"
2026-08-28T09:21:10.043727Z  INFO scan_sources: tailwindcss_oxide::scanner: Discovering "C:\\Users\\Admin\\Documents\\high fid\\src\\app\\components\\TutorialChannel.tsx"
2026-08-28T09:21:10.043924Z  INFO scan_sources: tailwindcss_oxide::scanner: Discovering "C:\\Users\\Admin\\Documents\\high fid\\src\\app\\components\\ui"
2026-08-28T09:21:10.044225Z  INFO scan_sources: tailwindcss_oxide::scanner: Discovering "C:\\Users\\Admin\\Documents\\high fid\\src\\app\\components\\ui\\accordion.tsx"
2026-08-28T09:21:10.044814Z  INFO scan_sources: tailwindcss_oxide::scanner: Discovering "C:\\Users\\Admin\\Documents\\high fid\\src\\app\\components\\ui\\alert-dialog.tsx"
2026-08-28T09:21:10.045447Z  INFO scan_sources: tailwindcss_oxide::scanner: Discovering "C:\\Users\\Admin\\Documents\\high fid\\src\\app\\components\\ui\\alert.tsx"
2026-08-28T09:21:10.045559Z  INFO scan_sources: tailwindcss_oxide::scanner: Discovering "C:\\Users\\Admin\\Documents\\high fid\\src\\app\\components\\ui\\aspect-ratio.tsx"
2026-08-28T09:21:10.045658Z  INFO scan_sources: tailwindcss_oxide::scanner: Discovering "C:\\Users\\Admin\\Documents\\high fid\\src\\app\\components\\ui\\avatar.tsx"
2026-08-28T09:21:10.045827Z  INFO scan_sources: tailwindcss_oxide::scanner: Discovering "C:\\Users\\Admin\\Documents\\high fid\\src\\app\\components\\ui\\badge.tsx"
2026-08-28T09:21:10.045934Z  INFO scan_sources: tailwindcss_oxide::scanner: Discovering "C:\\Users\\Admin\\Documents\\high fid\\src\\app\\components\\ui\\breadcrumb.tsx"
2026-08-28T09:21:10.046033Z  INFO scan_sources: tailwindcss_oxide::scanner: Discovering "C:\\Users\\Admin\\Documents\\high fid\\src\\app\\components\\ui\\button.tsx"
2026-08-28T09:21:10.046132Z  INFO scan_sources: tailwindcss_oxide::scanner: Discovering "C:\\Users\\Admin\\Documents\\high fid\\src\\app\\components\\ui\\calendar.tsx"
2026-08-28T09:21:10.048172Z  INFO scan_sources: tailwindcss_oxide::scanner: Discovering "C:\\Users\\Admin\\Documents\\high fid\\src\\app\\components\\ui\\card.tsx"
2026-08-28T09:21:10.048455Z  INFO scan_sources: tailwindcss_oxide::scanner: Discovering "C:\\Users\\Admin\\Documents\\high fid\\src\\app\\components\\ui\\carousel.tsx"
2026-08-28T09:21:10.048619Z  INFO scan_sources: tailwindcss_oxide::scanner: Discovering "C:\\Users\\Admin\\Documents\\high fid\\src\\app\\components\\ui\\chart.tsx"
2026-08-28T09:21:10.048726Z  INFO scan_sources: tailwindcss_oxide::scanner: Discovering "C:\\Users\\Admin\\Documents\\high fid\\src\\app\\components\\ui\\checkbox.tsx"
2026-08-28T09:21:10.048854Z  INFO scan_sources: tailwindcss_oxide::scanner: Discovering "C:\\Users\\Admin\\Documents\\high fid\\src\\app\\components\\ui\\collapsible.tsx"
2026-08-28T09:21:10.048949Z  INFO scan_sources: tailwindcss_oxide::scanner: Discovering "C:\\Users\\Admin\\Documents\\high fid\\src\\app\\components\\ui\\command.tsx"
2026-08-28T09:21:10.049047Z  INFO scan_sources: tailwindcss_oxide::scanner: Discovering "C:\\Users\\Admin\\Documents\\high fid\\src\\app\\components\\ui\\context-menu.tsx"
2026-08-28T09:21:10.049771Z  INFO scan_sources: tailwindcss_oxide::scanner: Discovering "C:\\Users\\Admin\\Documents\\high fid\\src\\app\\components\\ui\\dialog.tsx"
2026-08-28T09:21:10.049867Z  INFO scan_sources: tailwindcss_oxide::scanner: Discovering "C:\\Users\\Admin\\Documents\\high fid\\src\\app\\components\\ui\\drawer.tsx"
2026-08-28T09:21:10.049960Z  INFO scan_sources: tailwindcss_oxide::scanner: Discovering "C:\\Users\\Admin\\Documents\\high fid\\src\\app\\components\\ui\\dropdown-menu.tsx"
2026-08-28T09:21:10.050059Z  INFO scan_sources: tailwindcss_oxide::scanner: Discovering "C:\\Users\\Admin\\Documents\\high fid\\src\\app\\components\\ui\\form.tsx"
2026-08-28T09:21:10.050155Z  INFO scan_sources: tailwindcss_oxide::scanner: Discovering "C:\\Users\\Admin\\Documents\\high fid\\src\\app\\components\\ui\\hover-card.tsx"
2026-08-28T09:21:10.050252Z  INFO scan_sources: tailwindcss_oxide::scanner: Discovering "C:\\Users\\Admin\\Documents\\high fid\\src\\app\\components\\ui\\input-otp.tsx"
2026-08-28T09:21:10.050385Z  INFO scan_sources: tailwindcss_oxide::scanner: Discovering "C:\\Users\\Admin\\Documents\\high fid\\src\\app\\components\\ui\\input.tsx"
2026-08-28T09:21:10.050508Z  INFO scan_sources: tailwindcss_oxide::scanner: Discovering "C:\\Users\\Admin\\Documents\\high fid\\src\\app\\components\\ui\\label.tsx"
2026-08-28T09:21:10.050611Z  INFO scan_sources: tailwindcss_oxide::scanner: Discovering "C:\\Users\\Admin\\Documents\\high fid\\src\\app\\components\\ui\\menubar.tsx"
2026-08-28T09:21:10.052257Z  INFO scan_sources: tailwindcss_oxide::scanner: Discovering "C:\\Users\\Admin\\Documents\\high fid\\src\\app\\components\\ui\\navigation-menu.tsx"
2026-08-28T09:21:10.053273Z  INFO scan_sources: tailwindcss_oxide::scanner: Discovering "C:\\Users\\Admin\\Documents\\high fid\\src\\app\\components\\ui\\pagination.tsx"
2026-08-28T09:21:10.053497Z  INFO scan_sources: tailwindcss_oxide::scanner: Discovering "C:\\Users\\Admin\\Documents\\high fid\\src\\app\\components\\ui\\popover.tsx"
2026-08-28T09:21:10.053763Z  INFO scan_sources: tailwindcss_oxide::scanner: Discovering "C:\\Users\\Admin\\Documents\\high fid\\src\\app\\components\\ui\\progress.tsx"
2026-08-28T09:21:10.053885Z  INFO scan_sources: tailwindcss_oxide::scanner: Discovering "C:\\Users\\Admin\\Documents\\high fid\\src\\app\\components\\ui\\radio-group.tsx"
2026-08-28T09:21:10.055177Z  INFO scan_sources: tailwindcss_oxide::scanner: Discovering "C:\\Users\\Admin\\Documents\\high fid\\src\\app\\components\\ui\\resizable.tsx"
2026-08-28T09:21:10.055291Z  INFO scan_sources: tailwindcss_oxide::scanner: Discovering "C:\\Users\\Admin\\Documents\\high fid\\src\\app\\components\\ui\\scroll-area.tsx"
2026-08-28T09:21:10.055451Z  INFO scan_sources: tailwindcss_oxide::scanner: Discovering "C:\\Users\\Admin\\Documents\\high fid\\src\\app\\components\\ui\\select.tsx"
2026-08-28T09:21:10.055554Z  INFO scan_sources: tailwindcss_oxide::scanner: Discovering "C:\\Users\\Admin\\Documents\\high fid\\src\\app\\components\\ui\\separator.tsx"
2026-08-28T09:21:10.055683Z  INFO scan_sources: tailwindcss_oxide::scanner: Discovering "C:\\Users\\Admin\\Documents\\high fid\\src\\app\\components\\ui\\sheet.tsx"
2026-08-28T09:21:10.055784Z  INFO scan_sources: tailwindcss_oxide::scanner: Discovering "C:\\Users\\Admin\\Documents\\high fid\\src\\app\\components\\ui\\sidebar.tsx"
2026-08-28T09:21:10.056134Z  INFO scan_sources: tailwindcss_oxide::scanner: Discovering "C:\\Users\\Admin\\Documents\\high fid\\src\\app\\components\\ui\\skeleton.tsx"
2026-08-28T09:21:10.056254Z  INFO scan_sources: tailwindcss_oxide::scanner: Discovering "C:\\Users\\Admin\\Documents\\high fid\\src\\app\\components\\ui\\slider.tsx"
2026-08-28T09:21:10.058709Z  INFO scan_sources: tailwindcss_oxide::scanner: Discovering "C:\\Users\\Admin\\Documents\\high fid\\src\\app\\components\\ui\\switch.tsx"
2026-08-28T09:21:10.058844Z  INFO scan_sources: tailwindcss_oxide::scanner: Discovering "C:\\Users\\Admin\\Documents\\high fid\\src\\app\\components\\ui\\table.tsx"
2026-08-28T09:21:10.058963Z  INFO scan_sources: tailwindcss_oxide::scanner: Discovering "C:\\Users\\Admin\\Documents\\high fid\\src\\app\\components\\ui\\tabs.tsx"
2026-08-28T09:21:10.059074Z  INFO scan_sources: tailwindcss_oxide::scanner: Discovering "C:\\Users\\Admin\\Documents\\high fid\\src\\app\\components\\ui\\textarea.tsx"
2026-08-28T09:21:10.059174Z  INFO scan_sources: tailwindcss_oxide::scanner: Discovering "C:\\Users\\Admin\\Documents\\high fid\\src\\app\\components\\ui\\toggle-group.tsx"
2026-08-28T09:21:10.059268Z  INFO scan_sources: tailwindcss_oxide::scanner: Discovering "C:\\Users\\Admin\\Documents\\high fid\\src\\app\\components\\ui\\toggle.tsx"
2026-08-28T09:21:10.059409Z  INFO scan_sources: tailwindcss_oxide::scanner: Discovering "C:\\Users\\Admin\\Documents\\high fid\\src\\app\\components\\ui\\tooltip.tsx"
2026-08-28T09:21:10.059515Z  INFO scan_sources: tailwindcss_oxide::scanner: Discovering "C:\\Users\\Admin\\Documents\\high fid\\src\\app\\components\\ui\\use-mobile.ts"
2026-08-28T09:21:10.059620Z  INFO scan_sources: tailwindcss_oxide::scanner: Discovering "C:\\Users\\Admin\\Documents\\high fid\\src\\app\\components\\ui\\utils.ts"
2026-08-28T09:21:10.059929Z  INFO scan_sources: tailwindcss_oxide::scanner: Discovering "C:\\Users\\Admin\\Documents\\high fid\\src\\context"
2026-08-28T09:21:10.061719Z  INFO scan_sources: tailwindcss_oxide::scanner: Discovering "C:\\Users\\Admin\\Documents\\high fid\\src\\context\\UnitContext.tsx"
2026-08-28T09:21:10.061944Z  INFO scan_sources: tailwindcss_oxide::scanner: Discovering "C:\\Users\\Admin\\Documents\\high fid\\src\\data"
2026-08-28T09:21:10.062148Z  INFO scan_sources: tailwindcss_oxide::scanner: Discovering "C:\\Users\\Admin\\Documents\\high fid\\src\\data\\config.ts"
2026-08-28T09:21:10.062245Z  INFO scan_sources: tailwindcss_oxide::scanner: Discovering "C:\\Users\\Admin\\Documents\\high fid\\src\\data\\helpers.ts"
2026-08-28T09:21:10.063996Z  INFO scan_sources: tailwindcss_oxide::scanner: Discovering "C:\\Users\\Admin\\Documents\\high fid\\src\\data\\images.ts"
2026-08-28T09:21:10.064152Z  INFO scan_sources: tailwindcss_oxide::scanner: Discovering "C:\\Users\\Admin\\Documents\\high fid\\src\\data\\index.ts"
2026-08-28T09:21:10.064256Z  INFO scan_sources: tailwindcss_oxide::scanner: Discovering "C:\\Users\\Admin\\Documents\\high fid\\src\\data\\units.ts"
2026-08-28T09:21:10.064571Z  INFO scan_sources: tailwindcss_oxide::scanner: Discovering "C:\\Users\\Admin\\Documents\\high fid\\src\\main.tsx"
2026-08-28T09:21:10.064750Z  INFO scan_sources: tailwindcss_oxide::scanner: Discovering "C:\\Users\\Admin\\Documents\\high fid\\src\\styles"
2026-08-28T09:21:10.065293Z  INFO scan_sources: tailwindcss_oxide::scanner: Discovering "C:\\Users\\Admin\\Documents\\high fid\\src\\types.ts"
2026-08-28T09:21:10.065418Z  INFO scan_sources: tailwindcss_oxide::scanner: Discovering "C:\\Users\\Admin\\Documents\\high fid\\src\\vite-env.d.ts"
2026-08-28T09:21:10.066021Z  INFO scan_sources: tailwindcss_oxide::scanner: Discovering "C:\\Users\\Admin\\Documents\\high fid\\src\\app"
2026-08-28T09:21:10.066372Z  INFO scan_sources: tailwindcss_oxide::scanner: Discovering "C:\\Users\\Admin\\Documents\\high fid\\src\\app\\components"
2026-08-28T09:21:10.066743Z  INFO scan_sources: tailwindcss_oxide::scanner: Discovering "C:\\Users\\Admin\\Documents\\high fid\\src\\app\\components\\figma"
2026-08-28T09:21:10.067133Z  INFO scan_sources: tailwindcss_oxide::scanner: Discovering "C:\\Users\\Admin\\Documents\\high fid\\src\\app\\components\\MainCanvas"
2026-08-28T09:21:10.069815Z  INFO scan_sources: tailwindcss_oxide::scanner: Discovering "C:\\Users\\Admin\\Documents\\high fid\\src\\app\\components\\TradeAnalyzer"
2026-08-28T09:21:10.070555Z  INFO scan_sources: tailwindcss_oxide::scanner: Discovering "C:\\Users\\Admin\\Documents\\high fid\\src\\app\\components\\ui"
2026-08-28T09:21:10.073532Z  INFO scan_sources: tailwindcss_oxide::scanner: Discovering "C:\\Users\\Admin\\Documents\\high fid\\src\\context"
2026-08-28T09:21:10.073907Z  INFO scan_sources: tailwindcss_oxide::scanner: Discovering "C:\\Users\\Admin\\Documents\\high fid\\src\\data"
2026-08-28T09:21:10.075475Z  INFO scan_sources: tailwindcss_oxide::scanner: Discovering "C:\\Users\\Admin\\Documents\\high fid\\src\\styles"
2026-08-28T09:21:10.076232Z  INFO scan_sources: tailwindcss_oxide::scanner: exit
2026-08-28T09:21:10.076250Z  INFO extract_candidates: tailwindcss_oxide::scanner: enter
2026-08-28T09:21:10.076262Z  INFO extract_candidates:read_all_files: tailwindcss_oxide::scanner: enter
2026-08-28T09:21:10.076282Z  INFO extract_candidates:read_all_files: tailwindcss_oxide::scanner: Reading 74 file(s)
2026-08-28T09:21:10.076870Z  INFO tailwindcss_oxide::scanner: Reading "C:\\Users\\Admin\\Documents\\high fid\\src\\app\\App.tsx"
2026-08-28T09:21:10.077610Z  INFO tailwindcss_oxide::scanner: Reading "C:\\Users\\Admin\\Documents\\high fid\\src\\app\\components\\ui\\form.tsx"
2026-08-28T09:21:10.078184Z  INFO tailwindcss_oxide::scanner: Reading "C:\\Users\\Admin\\Documents\\high fid\\src\\app\\components\\ui\\hover-card.tsx"
2026-08-28T09:21:10.078459Z  INFO tailwindcss_oxide::scanner: Reading "C:\\Users\\Admin\\Documents\\high fid\\src\\app\\components\\ui\\accordion.tsx"
2026-08-28T09:21:10.078676Z  INFO tailwindcss_oxide::scanner: Reading "C:\\Users\\Admin\\Documents\\high fid\\src\\app\\components\\ui\\card.tsx"
2026-08-28T09:21:10.079268Z  INFO tailwindcss_oxide::scanner: Reading "C:\\Users\\Admin\\Documents\\high fid\\src\\app\\components\\ui\\alert-dialog.tsx"
2026-08-28T09:21:10.079291Z  INFO tailwindcss_oxide::scanner: Reading "C:\\Users\\Admin\\Documents\\high fid\\src\\app\\components\\ui\\input-otp.tsx"
2026-08-28T09:21:10.079404Z  INFO tailwindcss_oxide::scanner: Reading "C:\\Users\\Admin\\Documents\\high fid\\src\\app\\components\\ui\\carousel.tsx"
2026-08-28T09:21:10.079885Z  INFO tailwindcss_oxide::scanner: Reading "C:\\Users\\Admin\\Documents\\high fid\\src\\app\\components\\ui\\input.tsx"
2026-08-28T09:21:10.079996Z  INFO tailwindcss_oxide::scanner: Reading "C:\\Users\\Admin\\Documents\\high fid\\src\\app\\components\\ui\\alert.tsx"
2026-08-28T09:21:10.080300Z  INFO tailwindcss_oxide::scanner: Reading "C:\\Users\\Admin\\Documents\\high fid\\src\\app\\components\\ui\\chart.tsx"
2026-08-28T09:21:10.081498Z  INFO tailwindcss_oxide::scanner: Reading "C:\\Users\\Admin\\Documents\\high fid\\src\\app\\components\\ui\\label.tsx"
2026-08-28T09:21:10.082459Z  INFO tailwindcss_oxide::scanner: Reading "C:\\Users\\Admin\\Documents\\high fid\\src\\app\\components\\ui\\menubar.tsx"
2026-08-28T09:21:10.082515Z  INFO tailwindcss_oxide::scanner: Reading "C:\\Users\\Admin\\Documents\\high fid\\src\\app\\components\\ui\\aspect-ratio.tsx"
2026-08-28T09:21:10.082643Z  INFO tailwindcss_oxide::scanner: Reading "C:\\Users\\Admin\\Documents\\high fid\\src\\app\\components\\ui\\checkbox.tsx"
2026-08-28T09:21:10.083163Z  INFO tailwindcss_oxide::scanner: Reading "C:\\Users\\Admin\\Documents\\high fid\\src\\app\\components\\ui\\avatar.tsx"
2026-08-28T09:21:10.083316Z  INFO tailwindcss_oxide::scanner: Reading "C:\\Users\\Admin\\Documents\\high fid\\src\\app\\components\\ui\\collapsible.tsx"
2026-08-28T09:21:10.083729Z  INFO tailwindcss_oxide::scanner: Reading "C:\\Users\\Admin\\Documents\\high fid\\src\\app\\components\\ui\\badge.tsx"
2026-08-28T09:21:10.086526Z  INFO tailwindcss_oxide::scanner: Reading "C:\\Users\\Admin\\Documents\\high fid\\src\\app\\components\\ui\\navigation-menu.tsx"
2026-08-28T09:21:10.086798Z  INFO tailwindcss_oxide::scanner: Reading "C:\\Users\\Admin\\Documents\\high fid\\src\\app\\components\\ui\\command.tsx"
2026-08-28T09:21:10.087526Z  INFO tailwindcss_oxide::scanner: Reading "C:\\Users\\Admin\\Documents\\high fid\\src\\app\\components\\ui\\breadcrumb.tsx"
2026-08-28T09:21:10.087687Z  INFO tailwindcss_oxide::scanner: Reading "C:\\Users\\Admin\\Documents\\high fid\\src\\app\\components\\ui\\pagination.tsx"
2026-08-28T09:21:10.087723Z  INFO tailwindcss_oxide::scanner: Reading "C:\\Users\\Admin\\Documents\\high fid\\src\\app\\components\\ui\\context-menu.tsx"
2026-08-28T09:21:10.088686Z  INFO tailwindcss_oxide::scanner: Reading "C:\\Users\\Admin\\Documents\\high fid\\src\\app\\components\\ui\\dialog.tsx"
2026-08-28T09:21:10.088813Z  INFO tailwindcss_oxide::scanner: Reading "C:\\Users\\Admin\\Documents\\high fid\\src\\app\\components\\ui\\button.tsx"
2026-08-28T09:21:10.089083Z  INFO tailwindcss_oxide::scanner: Reading "C:\\Users\\Admin\\Documents\\high fid\\src\\app\\components\\ui\\popover.tsx"
2026-08-28T09:21:10.091334Z  INFO tailwindcss_oxide::scanner: Reading "C:\\Users\\Admin\\Documents\\high fid\\src\\app\\components\\ui\\calendar.tsx"
2026-08-28T09:21:10.091936Z  INFO tailwindcss_oxide::scanner: Reading "C:\\Users\\Admin\\Documents\\high fid\\src\\app\\components\\ui\\dropdown-menu.tsx"
2026-08-28T09:21:10.092096Z  INFO tailwindcss_oxide::scanner: Reading "C:\\Users\\Admin\\Documents\\high fid\\src\\app\\components\\ui\\drawer.tsx"
2026-08-28T09:21:10.093415Z  INFO tailwindcss_oxide::scanner: Reading "C:\\Users\\Admin\\Documents\\high fid\\src\\app\\components\\MainCanvas\\CustomDropdown.tsx"
2026-08-28T09:21:10.095183Z  INFO tailwindcss_oxide::scanner: Reading "C:\\Users\\Admin\\Documents\\high fid\\src\\app\\components\\MainCanvas\\index.tsx"
2026-08-28T09:21:10.095817Z  INFO tailwindcss_oxide::scanner: Reading "C:\\Users\\Admin\\Documents\\high fid\\src\\app\\components\\MainCanvas\\UnitListTable.tsx"
2026-08-28T09:21:10.096708Z  INFO tailwindcss_oxide::scanner: Reading "C:\\Users\\Admin\\Documents\\high fid\\src\\app\\components\\ui\\progress.tsx"
2026-08-28T09:21:10.097465Z  INFO tailwindcss_oxide::scanner: Reading "C:\\Users\\Admin\\Documents\\high fid\\src\\app\\components\\MainCanvas\\LazyRender.tsx"
2026-08-28T09:21:10.097765Z  INFO tailwindcss_oxide::scanner: Reading "C:\\Users\\Admin\\Documents\\high fid\\src\\app\\components\\ui\\radio-group.tsx"
2026-08-28T09:21:10.098419Z  INFO tailwindcss_oxide::scanner: Reading "C:\\Users\\Admin\\Documents\\high fid\\src\\app\\components\\Sidebar.tsx"
2026-08-28T09:21:10.098543Z  INFO tailwindcss_oxide::scanner: Reading "C:\\Users\\Admin\\Documents\\high fid\\src\\app\\components\\ui\\resizable.tsx"
2026-08-28T09:21:10.098593Z  INFO tailwindcss_oxide::scanner: Reading "C:\\Users\\Admin\\Documents\\high fid\\src\\app\\components\\MainCanvas\\TierSections.tsx"
2026-08-28T09:21:10.099352Z  INFO tailwindcss_oxide::scanner: Reading "C:\\Users\\Admin\\Documents\\high fid\\src\\app\\components\\ui\\scroll-area.tsx"
2026-08-28T09:21:10.099522Z  INFO tailwindcss_oxide::scanner: Reading "C:\\Users\\Admin\\Documents\\high fid\\src\\app\\components\\TradeAnalyzer\\ActiveCardRow.tsx"
2026-08-28T09:21:10.100048Z  INFO tailwindcss_oxide::scanner: Reading "C:\\Users\\Admin\\Documents\\high fid\\src\\app\\components\\MainCanvas\\UnitGrid.tsx"
2026-08-28T09:21:10.103101Z  INFO tailwindcss_oxide::scanner: Reading "C:\\Users\\Admin\\Documents\\high fid\\src\\app\\components\\ui\\select.tsx"
2026-08-28T09:21:10.103592Z  INFO tailwindcss_oxide::scanner: Reading "C:\\Users\\Admin\\Documents\\high fid\\src\\app\\components\\TradeAnalyzer\\index.tsx"
2026-08-28T09:21:10.105632Z  INFO tailwindcss_oxide::scanner: Reading "C:\\Users\\Admin\\Documents\\high fid\\src\\app\\components\\ui\\separator.tsx"
2026-08-28T09:21:10.105632Z  INFO tailwindcss_oxide::scanner: Reading "C:\\Users\\Admin\\Documents\\high fid\\src\\app\\components\\TradeAnalyzer\\smartParser.ts"
2026-08-28T09:21:10.105821Z  INFO tailwindcss_oxide::scanner: Reading "C:\\Users\\Admin\\Documents\\high fid\\src\\app\\components\\figma\\ImageWithFallback.tsx"
2026-08-28T09:21:10.106243Z  INFO tailwindcss_oxide::scanner: Reading "C:\\Users\\Admin\\Documents\\high fid\\src\\app\\components\\ui\\sheet.tsx"
2026-08-28T09:21:10.107000Z  INFO tailwindcss_oxide::scanner: Reading "C:\\Users\\Admin\\Documents\\high fid\\src\\app\\components\\ui\\sidebar.tsx"
2026-08-28T09:21:10.107654Z  INFO tailwindcss_oxide::scanner: Reading "C:\\Users\\Admin\\Documents\\high fid\\src\\app\\components\\ui\\skeleton.tsx"
2026-08-28T09:21:10.107791Z  INFO tailwindcss_oxide::scanner: Reading "C:\\Users\\Admin\\Documents\\high fid\\src\\app\\components\\HomeChannel.tsx"
2026-08-28T09:21:10.108402Z  INFO tailwindcss_oxide::scanner: Reading "C:\\Users\\Admin\\Documents\\high fid\\src\\app\\components\\TradeAnalyzer\\summaryUtils.tsx"
2026-08-28T09:21:10.108413Z  INFO tailwindcss_oxide::scanner: Reading "C:\\Users\\Admin\\Documents\\high fid\\src\\app\\components\\ui\\slider.tsx"
2026-08-28T09:21:10.108605Z  INFO tailwindcss_oxide::scanner: Reading "C:\\Users\\Admin\\Documents\\high fid\\src\\app\\components\\TradeAnalyzer\\TradeNotices.tsx"
2026-08-28T09:21:10.108939Z  INFO tailwindcss_oxide::scanner: Reading "C:\\Users\\Admin\\Documents\\high fid\\src\\app\\components\\ui\\switch.tsx"
2026-08-28T09:21:10.108957Z  INFO tailwindcss_oxide::scanner: Reading "C:\\Users\\Admin\\Documents\\high fid\\src\\app\\components\\ui\\utils.ts"
2026-08-28T09:21:10.109048Z  INFO tailwindcss_oxide::scanner: Reading "C:\\Users\\Admin\\Documents\\high fid\\src\\context\\UnitContext.tsx"
2026-08-28T09:21:10.109057Z  INFO tailwindcss_oxide::scanner: Reading "C:\\Users\\Admin\\Documents\\high fid\\src\\app\\components\\ExtraNoticesChannel.tsx"
2026-08-28T09:21:10.109129Z  INFO tailwindcss_oxide::scanner: Reading "C:\\Users\\Admin\\Documents\\high fid\\src\\data\\config.ts"
2026-08-28T09:21:10.109164Z  INFO tailwindcss_oxide::scanner: Reading "C:\\Users\\Admin\\Documents\\high fid\\src\\app\\components\\TradeAnalyzer\\TradeSectionPanel.tsx"
2026-08-28T09:21:10.109230Z  INFO tailwindcss_oxide::scanner: Reading "C:\\Users\\Admin\\Documents\\high fid\\src\\data\\helpers.ts"
2026-08-28T09:21:10.109338Z  INFO tailwindcss_oxide::scanner: Reading "C:\\Users\\Admin\\Documents\\high fid\\src\\data\\images.ts"
2026-08-28T09:21:10.109420Z  INFO tailwindcss_oxide::scanner: Reading "C:\\Users\\Admin\\Documents\\high fid\\src\\app\\components\\ui\\table.tsx"
2026-08-28T09:21:10.109642Z  INFO tailwindcss_oxide::scanner: Reading "C:\\Users\\Admin\\Documents\\high fid\\src\\app\\components\\ui\\textarea.tsx"
2026-08-28T09:21:10.109814Z  INFO tailwindcss_oxide::scanner: Reading "C:\\Users\\Admin\\Documents\\high fid\\src\\data\\index.ts"
2026-08-28T09:21:10.109899Z  INFO tailwindcss_oxide::scanner: Reading "C:\\Users\\Admin\\Documents\\high fid\\src\\app\\components\\ui\\tabs.tsx"
2026-08-28T09:21:10.109911Z  INFO tailwindcss_oxide::scanner: Reading "C:\\Users\\Admin\\Documents\\high fid\\src\\data\\units.ts"
2026-08-28T09:21:10.110019Z  INFO tailwindcss_oxide::scanner: Reading "C:\\Users\\Admin\\Documents\\high fid\\src\\main.tsx"
2026-08-28T09:21:10.110043Z  INFO tailwindcss_oxide::scanner: Reading "C:\\Users\\Admin\\Documents\\high fid\\src\\types.ts"
2026-08-28T09:21:10.110120Z  INFO tailwindcss_oxide::scanner: Reading "C:\\Users\\Admin\\Documents\\high fid\\src\\app\\components\\ui\\toggle-group.tsx"
2026-08-28T09:21:10.111003Z  INFO tailwindcss_oxide::scanner: Reading "C:\\Users\\Admin\\Documents\\high fid\\src\\vite-env.d.ts"
2026-08-28T09:21:10.111108Z  INFO tailwindcss_oxide::scanner: Reading "C:\\Users\\Admin\\Documents\\high fid\\src\\app\\components\\ui\\toggle.tsx"
2026-08-28T09:21:10.111118Z  INFO tailwindcss_oxide::scanner: Reading "C:\\Users\\Admin\\Documents\\high fid\\src\\app\\components\\ui\\tooltip.tsx"
2026-08-28T09:21:10.111612Z  INFO tailwindcss_oxide::scanner: Reading "C:\\Users\\Admin\\Documents\\high fid\\src\\app\\components\\ui\\use-mobile.ts"
2026-08-28T09:21:10.111860Z  INFO tailwindcss_oxide::scanner: Reading "C:\\Users\\Admin\\Documents\\high fid\\src\\app\\components\\TutorialChannel.tsx"
2026-08-28T09:21:10.112012Z  INFO extract_candidates:read_all_files: tailwindcss_oxide::scanner: exit
2026-08-28T09:21:10.112028Z  INFO extract_candidates:parse_all_blobs: tailwindcss_oxide::scanner: enter
2026-08-28T09:21:10.112046Z  INFO extract_candidates:parse_all_blobs:extract: tailwindcss_oxide::scanner: enter
2026-08-28T09:21:10.123687Z  INFO extract_candidates:parse_all_blobs:extract: tailwindcss_oxide::scanner: exit
2026-08-28T09:21:10.123740Z  INFO extract_candidates:parse_all_blobs: tailwindcss_oxide::scanner: exit
2026-08-28T09:21:10.124316Z  INFO extract_candidates: tailwindcss_oxide::scanner: exit
2026-08-28T09:21:10.126749Z  INFO get_files: tailwindcss_oxide::scanner: enter
2026-08-28T09:21:10.126782Z  INFO get_files:scan_sources: tailwindcss_oxide::scanner: enter
2026-08-28T09:21:10.128114Z  INFO get_files:scan_sources: tailwindcss_oxide::scanner: Discovering "C:\\Users\\Admin\\Documents\\high fid\\src\\app"
2026-08-28T09:21:10.128433Z  INFO get_files:scan_sources: tailwindcss_oxide::scanner: Discovering "C:\\Users\\Admin\\Documents\\high fid\\src\\app\\components"
2026-08-28T09:21:10.128753Z  INFO get_files:scan_sources: tailwindcss_oxide::scanner: Discovering "C:\\Users\\Admin\\Documents\\high fid\\src\\app\\components\\figma"
2026-08-28T09:21:10.129145Z  INFO get_files:scan_sources: tailwindcss_oxide::scanner: Discovering "C:\\Users\\Admin\\Documents\\high fid\\src\\app\\components\\MainCanvas"
2026-08-28T09:21:10.129859Z  INFO get_files:scan_sources: tailwindcss_oxide::scanner: Discovering "C:\\Users\\Admin\\Documents\\high fid\\src\\app\\components\\TradeAnalyzer"
2026-08-28T09:21:10.130585Z  INFO get_files:scan_sources: tailwindcss_oxide::scanner: Discovering "C:\\Users\\Admin\\Documents\\high fid\\src\\app\\components\\ui"
2026-08-28T09:21:10.133357Z  INFO get_files:scan_sources: tailwindcss_oxide::scanner: Discovering "C:\\Users\\Admin\\Documents\\high fid\\src\\context"
2026-08-28T09:21:10.133756Z  INFO get_files:scan_sources: tailwindcss_oxide::scanner: Discovering "C:\\Users\\Admin\\Documents\\high fid\\src\\data"
2026-08-28T09:21:10.136414Z  INFO get_files:scan_sources: tailwindcss_oxide::scanner: Discovering "C:\\Users\\Admin\\Documents\\high fid\\src\\styles"
2026-08-28T09:21:10.137775Z  INFO get_files:scan_sources: tailwindcss_oxide::scanner: Discovering "C:\\Users\\Admin\\Documents\\high fid\\src\\app"
2026-08-28T09:21:10.138139Z  INFO get_files:scan_sources: tailwindcss_oxide::scanner: Discovering "C:\\Users\\Admin\\Documents\\high fid\\src\\app\\components"
2026-08-28T09:21:10.138482Z  INFO get_files:scan_sources: tailwindcss_oxide::scanner: Discovering "C:\\Users\\Admin\\Documents\\high fid\\src\\app\\components\\figma"
2026-08-28T09:21:10.138886Z  INFO get_files:scan_sources: tailwindcss_oxide::scanner: Discovering "C:\\Users\\Admin\\Documents\\high fid\\src\\app\\components\\MainCanvas"
2026-08-28T09:21:10.139560Z  INFO get_files:scan_sources: tailwindcss_oxide::scanner: Discovering "C:\\Users\\Admin\\Documents\\high fid\\src\\app\\components\\TradeAnalyzer"
2026-08-28T09:21:10.140215Z  INFO get_files:scan_sources: tailwindcss_oxide::scanner: Discovering "C:\\Users\\Admin\\Documents\\high fid\\src\\app\\components\\ui"
2026-08-28T09:21:10.143208Z  INFO get_files:scan_sources: tailwindcss_oxide::scanner: Discovering "C:\\Users\\Admin\\Documents\\high fid\\src\\context"
2026-08-28T09:21:10.143704Z  INFO get_files:scan_sources: tailwindcss_oxide::scanner: Discovering "C:\\Users\\Admin\\Documents\\high fid\\src\\data"
2026-08-28T09:21:10.144307Z  INFO get_files:scan_sources: tailwindcss_oxide::scanner: Discovering "C:\\Users\\Admin\\Documents\\high fid\\src\\styles"
2026-08-28T09:21:10.145045Z  INFO get_files:scan_sources: tailwindcss_oxide::scanner: exit
2026-08-28T09:21:10.145121Z  INFO get_files: tailwindcss_oxide::scanner: exit
2026-08-28T09:21:10.171681Z  INFO get_globs: tailwindcss_oxide::scanner: enter
2026-08-28T09:21:10.171707Z  INFO get_globs:scan_sources: tailwindcss_oxide::scanner: enter
2026-08-28T09:21:10.173020Z  INFO get_globs:scan_sources: tailwindcss_oxide::scanner: Discovering "C:\\Users\\Admin\\Documents\\high fid\\src\\app"
2026-08-28T09:21:10.173404Z  INFO get_globs:scan_sources: tailwindcss_oxide::scanner: Discovering "C:\\Users\\Admin\\Documents\\high fid\\src\\app\\components"
2026-08-28T09:21:10.173885Z  INFO get_globs:scan_sources: tailwindcss_oxide::scanner: Discovering "C:\\Users\\Admin\\Documents\\high fid\\src\\app\\components\\figma"
2026-08-28T09:21:10.174303Z  INFO get_globs:scan_sources: tailwindcss_oxide::scanner: Discovering "C:\\Users\\Admin\\Documents\\high fid\\src\\app\\components\\MainCanvas"
2026-08-28T09:21:10.175508Z  INFO get_globs:scan_sources: tailwindcss_oxide::scanner: Discovering "C:\\Users\\Admin\\Documents\\high fid\\src\\app\\components\\TradeAnalyzer"
2026-08-28T09:21:10.176195Z  INFO get_globs:scan_sources: tailwindcss_oxide::scanner: Discovering "C:\\Users\\Admin\\Documents\\high fid\\src\\app\\components\\ui"
2026-08-28T09:21:10.178937Z  INFO get_globs:scan_sources: tailwindcss_oxide::scanner: Discovering "C:\\Users\\Admin\\Documents\\high fid\\src\\context"
2026-08-28T09:21:10.179281Z  INFO get_globs:scan_sources: tailwindcss_oxide::scanner: Discovering "C:\\Users\\Admin\\Documents\\high fid\\src\\data"
2026-08-28T09:21:10.179836Z  INFO get_globs:scan_sources: tailwindcss_oxide::scanner: Discovering "C:\\Users\\Admin\\Documents\\high fid\\src\\styles"
2026-08-28T09:21:10.180888Z  INFO get_globs:scan_sources: tailwindcss_oxide::scanner: Discovering "C:\\Users\\Admin\\Documents\\high fid\\src\\app"
2026-08-28T09:21:10.181194Z  INFO get_globs:scan_sources: tailwindcss_oxide::scanner: Discovering "C:\\Users\\Admin\\Documents\\high fid\\src\\app\\components"
2026-08-28T09:21:10.181581Z  INFO get_globs:scan_sources: tailwindcss_oxide::scanner: Discovering "C:\\Users\\Admin\\Documents\\high fid\\src\\app\\components\\figma"
2026-08-28T09:21:10.181986Z  INFO get_globs:scan_sources: tailwindcss_oxide::scanner: Discovering "C:\\Users\\Admin\\Documents\\high fid\\src\\app\\components\\MainCanvas"
2026-08-28T09:21:10.182751Z  INFO get_globs:scan_sources: tailwindcss_oxide::scanner: Discovering "C:\\Users\\Admin\\Documents\\high fid\\src\\app\\components\\TradeAnalyzer"
2026-08-28T09:21:10.183595Z  INFO get_globs:scan_sources: tailwindcss_oxide::scanner: Discovering "C:\\Users\\Admin\\Documents\\high fid\\src\\app\\components\\ui"
2026-08-28T09:21:10.190029Z  INFO get_globs:scan_sources: tailwindcss_oxide::scanner: Discovering "C:\\Users\\Admin\\Documents\\high fid\\src\\context"
2026-08-28T09:21:10.190426Z  INFO get_globs:scan_sources: tailwindcss_oxide::scanner: Discovering "C:\\Users\\Admin\\Documents\\high fid\\src\\data"
2026-08-28T09:21:10.191450Z  INFO get_globs:scan_sources: tailwindcss_oxide::scanner: Discovering "C:\\Users\\Admin\\Documents\\high fid\\src\\styles"
2026-08-28T09:21:10.192105Z  INFO get_globs:scan_sources: tailwindcss_oxide::scanner: exit
2026-08-28T09:21:10.192417Z  INFO get_globs: tailwindcss_oxide::scanner: exit
